Command line invocation:
    /Applications/Xcode2.app/Contents/Developer/usr/bin/xcodebuild clean build -scheme utiltoolApp -destination platform=macOS

note: Using codesigning identity override: -
note: Xcode.app loaded specs from /Applications/Xcode2.app/Contents/Frameworks/Xcode3Core.framework
note: Xcode.app loaded specs from /Applications/Xcode2.app/Contents/SharedFrameworks/XCBuild.framework/Versions/A/PlugIns/XCBBuildService.bundle/Contents/PlugIns/AppleInternal/XCBSpecificationsInternal.ideplugin
note: Xcode.app loaded specs from /Applications/Xcode2.app/Contents/SharedFrameworks/XCBuild.framework/Versions/A/PlugIns/XCBBuildService.bundle/Contents/PlugIns/XCBSpecifications.ideplugin
CreateBuildRequest

SendProjectDescription

CreateBuildOperation

** CLEAN SUCCEEDED **

note: Using codesigning identity override: -
note: Xcode.app loaded specs from /Applications/Xcode2.app/Contents/Frameworks/Xcode3Core.framework
note: Xcode.app loaded specs from /Applications/Xcode2.app/Contents/SharedFrameworks/XCBuild.framework/Versions/A/PlugIns/XCBBuildService.bundle/Contents/PlugIns/AppleInternal/XCBSpecificationsInternal.ideplugin
note: Xcode.app loaded specs from /Applications/Xcode2.app/Contents/SharedFrameworks/XCBuild.framework/Versions/A/PlugIns/XCBBuildService.bundle/Contents/PlugIns/XCBSpecifications.ideplugin
ComputePackagePrebuildTargetDependencyGraph

Prepare packages

CreateBuildRequest

SendProjectDescription

CreateBuildOperation

ComputeTargetDependencyGraph
note: Building targets in dependency order
note: Target dependency graph (1 target)
    Target 'utiltoolApp' in project 'utiltoolApp' (no dependencies)

GatherProvisioningInputs

CreateBuildDescription

ExecuteExternalTool /Applications/Xcode2.app/Contents/Developer/Toolchains/XcodeDefault.xctoolchain/usr/bin/clang -v -E -dM -isysroot /Applications/Xcode2.app/Contents/Developer/Platforms/MacOSX.platform/Developer/SDKs/MacOSX26.4.sdk -x c -c /dev/null

ExecuteExternalTool /Applications/Xcode2.app/Contents/Developer/usr/bin/actool --version --output-format xml1

ExecuteExternalTool /Applications/Xcode2.app/Contents/Developer/Toolchains/XcodeDefault.xctoolchain/usr/bin/swiftc --version

ExecuteExternalTool /Applications/Xcode2.app/Contents/Developer/Toolchains/XcodeDefault.xctoolchain/usr/bin/ld -version_details

Build description signature: 50b781fdc11c36e59638a8d1ed018ac4
Build description path: /Users/spxt666/Library/Developer/Xcode/DerivedData/utiltoolApp-cuykvtpzqsvezadloswvyzqxbeid/Build/Intermediates.noindex/XCBuildData/50b781fdc11c36e59638a8d1ed018ac4.xcbuilddata
ClangStatCache /Applications/Xcode2.app/Contents/Developer/Toolchains/XcodeDefault.xctoolchain/usr/bin/clang-stat-cache /Applications/Xcode2.app/Contents/Developer/Platforms/MacOSX.platform/Developer/SDKs/MacOSX26.4.sdk /Users/spxt666/Library/Developer/Xcode/DerivedData/SDKStatCaches.noindex/macosx26.4-25E246-ee6f3574c7e764b0319f773c845ec4ff.sdkstatcache
    cd /Users/spxt666/Documents/Record/utiltoolApp/utiltoolApp/utiltoolApp.xcodeproj
    /Applications/Xcode2.app/Contents/Developer/Toolchains/XcodeDefault.xctoolchain/usr/bin/clang-stat-cache /Applications/Xcode2.app/Contents/Developer/Platforms/MacOSX.platform/Developer/SDKs/MacOSX26.4.sdk -o /Users/spxt666/Library/Developer/Xcode/DerivedData/SDKStatCaches.noindex/macosx26.4-25E246-ee6f3574c7e764b0319f773c845ec4ff.sdkstatcache

CreateBuildDirectory /Users/spxt666/Library/Developer/Xcode/DerivedData/utiltoolApp-cuykvtpzqsvezadloswvyzqxbeid/Build/Products
    cd /Users/spxt666/Documents/Record/utiltoolApp/utiltoolApp/utiltoolApp.xcodeproj
    builtin-create-build-directory /Users/spxt666/Library/Developer/Xcode/DerivedData/utiltoolApp-cuykvtpzqsvezadloswvyzqxbeid/Build/Products

CreateBuildDirectory /Users/spxt666/Library/Developer/Xcode/DerivedData/utiltoolApp-cuykvtpzqsvezadloswvyzqxbeid/Build/Intermediates.noindex
    cd /Users/spxt666/Documents/Record/utiltoolApp/utiltoolApp/utiltoolApp.xcodeproj
    builtin-create-build-directory /Users/spxt666/Library/Developer/Xcode/DerivedData/utiltoolApp-cuykvtpzqsvezadloswvyzqxbeid/Build/Intermediates.noindex

CreateBuildDirectory /Users/spxt666/Library/Developer/Xcode/DerivedData/utiltoolApp-cuykvtpzqsvezadloswvyzqxbeid/Build/Products/Debug
    cd /Users/spxt666/Documents/Record/utiltoolApp/utiltoolApp/utiltoolApp.xcodeproj
    builtin-create-build-directory /Users/spxt666/Library/Developer/Xcode/DerivedData/utiltoolApp-cuykvtpzqsvezadloswvyzqxbeid/Build/Products/Debug

CreateBuildDirectory /Users/spxt666/Library/Developer/Xcode/DerivedData/utiltoolApp-cuykvtpzqsvezadloswvyzqxbeid/Build/Intermediates.noindex/SwiftExplicitPrecompiledModules
    cd /Users/spxt666/Documents/Record/utiltoolApp/utiltoolApp/utiltoolApp.xcodeproj
    builtin-create-build-directory /Users/spxt666/Library/Developer/Xcode/DerivedData/utiltoolApp-cuykvtpzqsvezadloswvyzqxbeid/Build/Intermediates.noindex/SwiftExplicitPrecompiledModules

CreateBuildDirectory /Users/spxt666/Library/Developer/Xcode/DerivedData/utiltoolApp-cuykvtpzqsvezadloswvyzqxbeid/Build/Intermediates.noindex/ExplicitPrecompiledModules
    cd /Users/spxt666/Documents/Record/utiltoolApp/utiltoolApp/utiltoolApp.xcodeproj
    builtin-create-build-directory /Users/spxt666/Library/Developer/Xcode/DerivedData/utiltoolApp-cuykvtpzqsvezadloswvyzqxbeid/Build/Intermediates.noindex/ExplicitPrecompiledModules

CreateBuildDirectory /Users/spxt666/Library/Developer/Xcode/DerivedData/utiltoolApp-cuykvtpzqsvezadloswvyzqxbeid/Build/Intermediates.noindex/EagerLinkingTBDs/Debug
    cd /Users/spxt666/Documents/Record/utiltoolApp/utiltoolApp/utiltoolApp.xcodeproj
    builtin-create-build-directory /Users/spxt666/Library/Developer/Xcode/DerivedData/utiltoolApp-cuykvtpzqsvezadloswvyzqxbeid/Build/Intermediates.noindex/EagerLinkingTBDs/Debug

WriteAuxiliaryFile /Users/spxt666/Library/Developer/Xcode/DerivedData/utiltoolApp-cuykvtpzqsvezadloswvyzqxbeid/Build/Intermediates.noindex/utiltoolApp.build/Debug/utiltoolApp-ca79b7f0cdbdf7136a874b807c3a42e6-VFS/all-product-headers.yaml
    cd /Users/spxt666/Documents/Record/utiltoolApp/utiltoolApp/utiltoolApp.xcodeproj
    write-file /Users/spxt666/Library/Developer/Xcode/DerivedData/utiltoolApp-cuykvtpzqsvezadloswvyzqxbeid/Build/Intermediates.noindex/utiltoolApp.build/Debug/utiltoolApp-ca79b7f0cdbdf7136a874b807c3a42e6-VFS/all-product-headers.yaml

WriteAuxiliaryFile /Users/spxt666/Library/Developer/Xcode/DerivedData/utiltoolApp-cuykvtpzqsvezadloswvyzqxbeid/Build/Intermediates.noindex/utiltoolApp.build/Debug/utiltoolApp.build/utiltoolApp.hmap (in target 'utiltoolApp' from project 'utiltoolApp')
    cd /Users/spxt666/Documents/Record/utiltoolApp/utiltoolApp
    write-file /Users/spxt666/Library/Developer/Xcode/DerivedData/utiltoolApp-cuykvtpzqsvezadloswvyzqxbeid/Build/Intermediates.noindex/utiltoolApp.build/Debug/utiltoolApp.build/utiltoolApp.hmap

WriteAuxiliaryFile /Users/spxt666/Library/Developer/Xcode/DerivedData/utiltoolApp-cuykvtpzqsvezadloswvyzqxbeid/Build/Intermediates.noindex/utiltoolApp.build/Debug/utiltoolApp.build/utiltoolApp-own-target-headers.hmap (in target 'utiltoolApp' from project 'utiltoolApp')
    cd /Users/spxt666/Documents/Record/utiltoolApp/utiltoolApp
    write-file /Users/spxt666/Library/Developer/Xcode/DerivedData/utiltoolApp-cuykvtpzqsvezadloswvyzqxbeid/Build/Intermediates.noindex/utiltoolApp.build/Debug/utiltoolApp.build/utiltoolApp-own-target-headers.hmap

WriteAuxiliaryFile /Users/spxt666/Library/Developer/Xcode/DerivedData/utiltoolApp-cuykvtpzqsvezadloswvyzqxbeid/Build/Intermediates.noindex/utiltoolApp.build/Debug/utiltoolApp.build/utiltoolApp-project-headers.hmap (in target 'utiltoolApp' from project 'utiltoolApp')
    cd /Users/spxt666/Documents/Record/utiltoolApp/utiltoolApp
    write-file /Users/spxt666/Library/Developer/Xcode/DerivedData/utiltoolApp-cuykvtpzqsvezadloswvyzqxbeid/Build/Intermediates.noindex/utiltoolApp.build/Debug/utiltoolApp.build/utiltoolApp-project-headers.hmap

WriteAuxiliaryFile /Users/spxt666/Library/Developer/Xcode/DerivedData/utiltoolApp-cuykvtpzqsvezadloswvyzqxbeid/Build/Intermediates.noindex/utiltoolApp.build/Debug/utiltoolApp.build/utiltoolApp-generated-files.hmap (in target 'utiltoolApp' from project 'utiltoolApp')
    cd /Users/spxt666/Documents/Record/utiltoolApp/utiltoolApp
    write-file /Users/spxt666/Library/Developer/Xcode/DerivedData/utiltoolApp-cuykvtpzqsvezadloswvyzqxbeid/Build/Intermediates.noindex/utiltoolApp.build/Debug/utiltoolApp.build/utiltoolApp-generated-files.hmap

WriteAuxiliaryFile /Users/spxt666/Library/Developer/Xcode/DerivedData/utiltoolApp-cuykvtpzqsvezadloswvyzqxbeid/Build/Intermediates.noindex/utiltoolApp.build/Debug/utiltoolApp.build/utiltoolApp-all-target-headers.hmap (in target 'utiltoolApp' from project 'utiltoolApp')
    cd /Users/spxt666/Documents/Record/utiltoolApp/utiltoolApp
    write-file /Users/spxt666/Library/Developer/Xcode/DerivedData/utiltoolApp-cuykvtpzqsvezadloswvyzqxbeid/Build/Intermediates.noindex/utiltoolApp.build/Debug/utiltoolApp.build/utiltoolApp-all-target-headers.hmap

WriteAuxiliaryFile /Users/spxt666/Library/Developer/Xcode/DerivedData/utiltoolApp-cuykvtpzqsvezadloswvyzqxbeid/Build/Intermediates.noindex/utiltoolApp.build/Debug/utiltoolApp.build/utiltoolApp-all-non-framework-target-headers.hmap (in target 'utiltoolApp' from project 'utiltoolApp')
    cd /Users/spxt666/Documents/Record/utiltoolApp/utiltoolApp
    write-file /Users/spxt666/Library/Developer/Xcode/DerivedData/utiltoolApp-cuykvtpzqsvezadloswvyzqxbeid/Build/Intermediates.noindex/utiltoolApp.build/Debug/utiltoolApp.build/utiltoolApp-all-non-framework-target-headers.hmap

WriteAuxiliaryFile /Users/spxt666/Library/Developer/Xcode/DerivedData/utiltoolApp-cuykvtpzqsvezadloswvyzqxbeid/Build/Intermediates.noindex/utiltoolApp.build/Debug/utiltoolApp.build/utiltoolApp-DebugDylibPath-normal-arm64.txt (in target 'utiltoolApp' from project 'utiltoolApp')
    cd /Users/spxt666/Documents/Record/utiltoolApp/utiltoolApp
    write-file /Users/spxt666/Library/Developer/Xcode/DerivedData/utiltoolApp-cuykvtpzqsvezadloswvyzqxbeid/Build/Intermediates.noindex/utiltoolApp.build/Debug/utiltoolApp.build/utiltoolApp-DebugDylibPath-normal-arm64.txt

WriteAuxiliaryFile /Users/spxt666/Library/Developer/Xcode/DerivedData/utiltoolApp-cuykvtpzqsvezadloswvyzqxbeid/Build/Intermediates.noindex/utiltoolApp.build/Debug/utiltoolApp.build/utiltoolApp-DebugDylibInstallName-normal-arm64.txt (in target 'utiltoolApp' from project 'utiltoolApp')
    cd /Users/spxt666/Documents/Record/utiltoolApp/utiltoolApp
    write-file /Users/spxt666/Library/Developer/Xcode/DerivedData/utiltoolApp-cuykvtpzqsvezadloswvyzqxbeid/Build/Intermediates.noindex/utiltoolApp.build/Debug/utiltoolApp.build/utiltoolApp-DebugDylibInstallName-normal-arm64.txt

WriteAuxiliaryFile /Users/spxt666/Library/Developer/Xcode/DerivedData/utiltoolApp-cuykvtpzqsvezadloswvyzqxbeid/Build/Intermediates.noindex/utiltoolApp.build/Debug/utiltoolApp.build/empty-utiltoolApp.plist (in target 'utiltoolApp' from project 'utiltoolApp')
    cd /Users/spxt666/Documents/Record/utiltoolApp/utiltoolApp
    write-file /Users/spxt666/Library/Developer/Xcode/DerivedData/utiltoolApp-cuykvtpzqsvezadloswvyzqxbeid/Build/Intermediates.noindex/utiltoolApp.build/Debug/utiltoolApp.build/empty-utiltoolApp.plist

WriteAuxiliaryFile /Users/spxt666/Library/Developer/Xcode/DerivedData/utiltoolApp-cuykvtpzqsvezadloswvyzqxbeid/Build/Intermediates.noindex/utiltoolApp.build/Debug/utiltoolApp.build/utiltoolApp.DependencyStaticMetadataFileList (in target 'utiltoolApp' from project 'utiltoolApp')
    cd /Users/spxt666/Documents/Record/utiltoolApp/utiltoolApp
    write-file /Users/spxt666/Library/Developer/Xcode/DerivedData/utiltoolApp-cuykvtpzqsvezadloswvyzqxbeid/Build/Intermediates.noindex/utiltoolApp.build/Debug/utiltoolApp.build/utiltoolApp.DependencyStaticMetadataFileList

WriteAuxiliaryFile /Users/spxt666/Library/Developer/Xcode/DerivedData/utiltoolApp-cuykvtpzqsvezadloswvyzqxbeid/Build/Intermediates.noindex/utiltoolApp.build/Debug/utiltoolApp.build/utiltoolApp.DependencyMetadataFileList (in target 'utiltoolApp' from project 'utiltoolApp')
    cd /Users/spxt666/Documents/Record/utiltoolApp/utiltoolApp
    write-file /Users/spxt666/Library/Developer/Xcode/DerivedData/utiltoolApp-cuykvtpzqsvezadloswvyzqxbeid/Build/Intermediates.noindex/utiltoolApp.build/Debug/utiltoolApp.build/utiltoolApp.DependencyMetadataFileList

WriteAuxiliaryFile /Users/spxt666/Library/Developer/Xcode/DerivedData/utiltoolApp-cuykvtpzqsvezadloswvyzqxbeid/Build/Intermediates.noindex/utiltoolApp.build/Debug/utiltoolApp.build/Objects-normal/arm64/utiltoolApp-OutputFileMap.json (in target 'utiltoolApp' from project 'utiltoolApp')
    cd /Users/spxt666/Documents/Record/utiltoolApp/utiltoolApp
    write-file /Users/spxt666/Library/Developer/Xcode/DerivedData/utiltoolApp-cuykvtpzqsvezadloswvyzqxbeid/Build/Intermediates.noindex/utiltoolApp.build/Debug/utiltoolApp.build/Objects-normal/arm64/utiltoolApp-OutputFileMap.json

WriteAuxiliaryFile /Users/spxt666/Library/Developer/Xcode/DerivedData/utiltoolApp-cuykvtpzqsvezadloswvyzqxbeid/Build/Intermediates.noindex/utiltoolApp.build/Debug/utiltoolApp.build/Objects-normal/arm64/utiltoolApp_const_extract_protocols.json (in target 'utiltoolApp' from project 'utiltoolApp')
    cd /Users/spxt666/Documents/Record/utiltoolApp/utiltoolApp
    write-file /Users/spxt666/Library/Developer/Xcode/DerivedData/utiltoolApp-cuykvtpzqsvezadloswvyzqxbeid/Build/Intermediates.noindex/utiltoolApp.build/Debug/utiltoolApp.build/Objects-normal/arm64/utiltoolApp_const_extract_protocols.json

WriteAuxiliaryFile /Users/spxt666/Library/Developer/Xcode/DerivedData/utiltoolApp-cuykvtpzqsvezadloswvyzqxbeid/Build/Intermediates.noindex/utiltoolApp.build/Debug/utiltoolApp.build/Objects-normal/arm64/utiltoolApp.SwiftConstValuesFileList (in target 'utiltoolApp' from project 'utiltoolApp')
    cd /Users/spxt666/Documents/Record/utiltoolApp/utiltoolApp
    write-file /Users/spxt666/Library/Developer/Xcode/DerivedData/utiltoolApp-cuykvtpzqsvezadloswvyzqxbeid/Build/Intermediates.noindex/utiltoolApp.build/Debug/utiltoolApp.build/Objects-normal/arm64/utiltoolApp.SwiftConstValuesFileList

WriteAuxiliaryFile /Users/spxt666/Library/Developer/Xcode/DerivedData/utiltoolApp-cuykvtpzqsvezadloswvyzqxbeid/Build/Intermediates.noindex/utiltoolApp.build/Debug/utiltoolApp.build/Objects-normal/arm64/utiltoolApp.SwiftFileList (in target 'utiltoolApp' from project 'utiltoolApp')
    cd /Users/spxt666/Documents/Record/utiltoolApp/utiltoolApp
    write-file /Users/spxt666/Library/Developer/Xcode/DerivedData/utiltoolApp-cuykvtpzqsvezadloswvyzqxbeid/Build/Intermediates.noindex/utiltoolApp.build/Debug/utiltoolApp.build/Objects-normal/arm64/utiltoolApp.SwiftFileList

WriteAuxiliaryFile /Users/spxt666/Library/Developer/Xcode/DerivedData/utiltoolApp-cuykvtpzqsvezadloswvyzqxbeid/Build/Intermediates.noindex/utiltoolApp.build/Debug/utiltoolApp.build/Objects-normal/arm64/utiltoolApp.LinkFileList (in target 'utiltoolApp' from project 'utiltoolApp')
    cd /Users/spxt666/Documents/Record/utiltoolApp/utiltoolApp
    write-file /Users/spxt666/Library/Developer/Xcode/DerivedData/utiltoolApp-cuykvtpzqsvezadloswvyzqxbeid/Build/Intermediates.noindex/utiltoolApp.build/Debug/utiltoolApp.build/Objects-normal/arm64/utiltoolApp.LinkFileList

WriteAuxiliaryFile /Users/spxt666/Library/Developer/Xcode/DerivedData/utiltoolApp-cuykvtpzqsvezadloswvyzqxbeid/Build/Intermediates.noindex/utiltoolApp.build/Debug/utiltoolApp.build/DerivedSources/Entitlements.plist (in target 'utiltoolApp' from project 'utiltoolApp')
    cd /Users/spxt666/Documents/Record/utiltoolApp/utiltoolApp
    write-file /Users/spxt666/Library/Developer/Xcode/DerivedData/utiltoolApp-cuykvtpzqsvezadloswvyzqxbeid/Build/Intermediates.noindex/utiltoolApp.build/Debug/utiltoolApp.build/DerivedSources/Entitlements.plist

MkDir /Users/spxt666/Library/Developer/Xcode/DerivedData/utiltoolApp-cuykvtpzqsvezadloswvyzqxbeid/Build/Products/Debug/utiltoolApp.app/Contents/Resources (in target 'utiltoolApp' from project 'utiltoolApp')
    cd /Users/spxt666/Documents/Record/utiltoolApp/utiltoolApp
    /bin/mkdir -p /Users/spxt666/Library/Developer/Xcode/DerivedData/utiltoolApp-cuykvtpzqsvezadloswvyzqxbeid/Build/Products/Debug/utiltoolApp.app/Contents/Resources

MkDir /Users/spxt666/Library/Developer/Xcode/DerivedData/utiltoolApp-cuykvtpzqsvezadloswvyzqxbeid/Build/Products/Debug/utiltoolApp.app/Contents/MacOS (in target 'utiltoolApp' from project 'utiltoolApp')
    cd /Users/spxt666/Documents/Record/utiltoolApp/utiltoolApp
    /bin/mkdir -p /Users/spxt666/Library/Developer/Xcode/DerivedData/utiltoolApp-cuykvtpzqsvezadloswvyzqxbeid/Build/Products/Debug/utiltoolApp.app/Contents/MacOS

MkDir /Users/spxt666/Library/Developer/Xcode/DerivedData/utiltoolApp-cuykvtpzqsvezadloswvyzqxbeid/Build/Products/Debug/utiltoolApp.app/Contents (in target 'utiltoolApp' from project 'utiltoolApp')
    cd /Users/spxt666/Documents/Record/utiltoolApp/utiltoolApp
    /bin/mkdir -p /Users/spxt666/Library/Developer/Xcode/DerivedData/utiltoolApp-cuykvtpzqsvezadloswvyzqxbeid/Build/Products/Debug/utiltoolApp.app/Contents

MkDir /Users/spxt666/Library/Developer/Xcode/DerivedData/utiltoolApp-cuykvtpzqsvezadloswvyzqxbeid/Build/Products/Debug/utiltoolApp.app (in target 'utiltoolApp' from project 'utiltoolApp')
    cd /Users/spxt666/Documents/Record/utiltoolApp/utiltoolApp
    /bin/mkdir -p /Users/spxt666/Library/Developer/Xcode/DerivedData/utiltoolApp-cuykvtpzqsvezadloswvyzqxbeid/Build/Products/Debug/utiltoolApp.app

ProcessProductPackaging /Users/spxt666/Documents/Record/utiltoolApp/utiltoolApp/utiltoolApp/utiltoolApp.entitlements /Users/spxt666/Library/Developer/Xcode/DerivedData/utiltoolApp-cuykvtpzqsvezadloswvyzqxbeid/Build/Intermediates.noindex/utiltoolApp.build/Debug/utiltoolApp.build/utiltoolApp.app.xcent (in target 'utiltoolApp' from project 'utiltoolApp')
    cd /Users/spxt666/Documents/Record/utiltoolApp/utiltoolApp
    
    Entitlements:
    
    {
    "com.apple.security.app-sandbox" = 1;
    "com.apple.security.device.bluetooth" = 1;
    "com.apple.security.get-task-allow" = 1;
    "com.apple.security.network.client" = 1;
    "com.apple.security.network.multicast" = 1;
    "com.apple.security.network.server" = 1;
}
    
    builtin-productPackagingUtility /Users/spxt666/Documents/Record/utiltoolApp/utiltoolApp/utiltoolApp/utiltoolApp.entitlements -entitlements -format xml -o /Users/spxt666/Library/Developer/Xcode/DerivedData/utiltoolApp-cuykvtpzqsvezadloswvyzqxbeid/Build/Intermediates.noindex/utiltoolApp.build/Debug/utiltoolApp.build/utiltoolApp.app.xcent

ProcessProductPackagingDER /Users/spxt666/Library/Developer/Xcode/DerivedData/utiltoolApp-cuykvtpzqsvezadloswvyzqxbeid/Build/Intermediates.noindex/utiltoolApp.build/Debug/utiltoolApp.build/utiltoolApp.app.xcent /Users/spxt666/Library/Developer/Xcode/DerivedData/utiltoolApp-cuykvtpzqsvezadloswvyzqxbeid/Build/Intermediates.noindex/utiltoolApp.build/Debug/utiltoolApp.build/utiltoolApp.app.xcent.der (in target 'utiltoolApp' from project 'utiltoolApp')
    cd /Users/spxt666/Documents/Record/utiltoolApp/utiltoolApp
    /usr/bin/derq query -f xml -i /Users/spxt666/Library/Developer/Xcode/DerivedData/utiltoolApp-cuykvtpzqsvezadloswvyzqxbeid/Build/Intermediates.noindex/utiltoolApp.build/Debug/utiltoolApp.build/utiltoolApp.app.xcent -o /Users/spxt666/Library/Developer/Xcode/DerivedData/utiltoolApp-cuykvtpzqsvezadloswvyzqxbeid/Build/Intermediates.noindex/utiltoolApp.build/Debug/utiltoolApp.build/utiltoolApp.app.xcent.der --raw

Ld /Users/spxt666/Library/Developer/Xcode/DerivedData/utiltoolApp-cuykvtpzqsvezadloswvyzqxbeid/Build/Products/Debug/utiltoolApp.app/Contents/MacOS/__preview.dylib normal (in target 'utiltoolApp' from project 'utiltoolApp')
    cd /Users/spxt666/Documents/Record/utiltoolApp/utiltoolApp
    /Applications/Xcode2.app/Contents/Developer/Toolchains/XcodeDefault.xctoolchain/usr/bin/clang -Xlinker -reproducible -target arm64-apple-macos15.6 -dynamiclib -isysroot /Applications/Xcode2.app/Contents/Developer/Platforms/MacOSX.platform/Developer/SDKs/MacOSX26.4.sdk -O0 -L/Users/spxt666/Library/Developer/Xcode/DerivedData/utiltoolApp-cuykvtpzqsvezadloswvyzqxbeid/Build/Products/Debug -F/Users/spxt666/Library/Developer/Xcode/DerivedData/utiltoolApp-cuykvtpzqsvezadloswvyzqxbeid/Build/Products/Debug -install_name @rpath/utiltoolApp.debug.dylib -rdynamic -Xlinker -no_deduplicate -Xlinker -dependency_info -Xlinker /Users/spxt666/Library/Developer/Xcode/DerivedData/utiltoolApp-cuykvtpzqsvezadloswvyzqxbeid/Build/Intermediates.noindex/utiltoolApp.build/Debug/utiltoolApp.build/Objects-normal/arm64/utiltoolApp_dependency_info.dat -Xlinker -no_adhoc_codesign -o /Users/spxt666/Library/Developer/Xcode/DerivedData/utiltoolApp-cuykvtpzqsvezadloswvyzqxbeid/Build/Products/Debug/utiltoolApp.app/Contents/MacOS/__preview.dylib

GenerateAssetSymbols /Users/spxt666/Documents/Record/utiltoolApp/utiltoolApp/utiltoolApp/Assets.xcassets (in target 'utiltoolApp' from project 'utiltoolApp')
    cd /Users/spxt666/Documents/Record/utiltoolApp/utiltoolApp
    /Applications/Xcode2.app/Contents/Developer/usr/bin/actool /Users/spxt666/Documents/Record/utiltoolApp/utiltoolApp/utiltoolApp/Assets.xcassets --compile /Users/spxt666/Library/Developer/Xcode/DerivedData/utiltoolApp-cuykvtpzqsvezadloswvyzqxbeid/Build/Products/Debug/utiltoolApp.app/Contents/Resources --output-format human-readable-text --notices --warnings --export-dependency-info /Users/spxt666/Library/Developer/Xcode/DerivedData/utiltoolApp-cuykvtpzqsvezadloswvyzqxbeid/Build/Intermediates.noindex/utiltoolApp.build/Debug/utiltoolApp.build/assetcatalog_dependencies --output-partial-info-plist /Users/spxt666/Library/Developer/Xcode/DerivedData/utiltoolApp-cuykvtpzqsvezadloswvyzqxbeid/Build/Intermediates.noindex/utiltoolApp.build/Debug/utiltoolApp.build/assetcatalog_generated_info.plist --app-icon AppIcon --accent-color AccentColor --enable-on-demand-resources NO --development-region en --target-device mac --minimum-deployment-target 15.6 --platform macosx --bundle-identifier com.apple.Demo.utiltoolApp --generate-swift-asset-symbols /Users/spxt666/Library/Developer/Xcode/DerivedData/utiltoolApp-cuykvtpzqsvezadloswvyzqxbeid/Build/Intermediates.noindex/utiltoolApp.build/Debug/utiltoolApp.build/DerivedSources/GeneratedAssetSymbols.swift --generate-objc-asset-symbols /Users/spxt666/Library/Developer/Xcode/DerivedData/utiltoolApp-cuykvtpzqsvezadloswvyzqxbeid/Build/Intermediates.noindex/utiltoolApp.build/Debug/utiltoolApp.build/DerivedSources/GeneratedAssetSymbols.h --generate-asset-symbol-index /Users/spxt666/Library/Developer/Xcode/DerivedData/utiltoolApp-cuykvtpzqsvezadloswvyzqxbeid/Build/Intermediates.noindex/utiltoolApp.build/Debug/utiltoolApp.build/DerivedSources/GeneratedAssetSymbols-Index.plist
/* com.apple.actool.compilation-results */
/Users/spxt666/Library/Developer/Xcode/DerivedData/utiltoolApp-cuykvtpzqsvezadloswvyzqxbeid/Build/Intermediates.noindex/utiltoolApp.build/Debug/utiltoolApp.build/DerivedSources/GeneratedAssetSymbols-Index.plist
/Users/spxt666/Library/Developer/Xcode/DerivedData/utiltoolApp-cuykvtpzqsvezadloswvyzqxbeid/Build/Intermediates.noindex/utiltoolApp.build/Debug/utiltoolApp.build/DerivedSources/GeneratedAssetSymbols.h
/Users/spxt666/Library/Developer/Xcode/DerivedData/utiltoolApp-cuykvtpzqsvezadloswvyzqxbeid/Build/Intermediates.noindex/utiltoolApp.build/Debug/utiltoolApp.build/DerivedSources/GeneratedAssetSymbols.swift


MkDir /Users/spxt666/Library/Developer/Xcode/DerivedData/utiltoolApp-cuykvtpzqsvezadloswvyzqxbeid/Build/Intermediates.noindex/utiltoolApp.build/Debug/utiltoolApp.build/assetcatalog_output/unthinned (in target 'utiltoolApp' from project 'utiltoolApp')
    cd /Users/spxt666/Documents/Record/utiltoolApp/utiltoolApp
    /bin/mkdir -p /Users/spxt666/Library/Developer/Xcode/DerivedData/utiltoolApp-cuykvtpzqsvezadloswvyzqxbeid/Build/Intermediates.noindex/utiltoolApp.build/Debug/utiltoolApp.build/assetcatalog_output/unthinned

MkDir /Users/spxt666/Library/Developer/Xcode/DerivedData/utiltoolApp-cuykvtpzqsvezadloswvyzqxbeid/Build/Intermediates.noindex/utiltoolApp.build/Debug/utiltoolApp.build/assetcatalog_output/thinned (in target 'utiltoolApp' from project 'utiltoolApp')
    cd /Users/spxt666/Documents/Record/utiltoolApp/utiltoolApp
    /bin/mkdir -p /Users/spxt666/Library/Developer/Xcode/DerivedData/utiltoolApp-cuykvtpzqsvezadloswvyzqxbeid/Build/Intermediates.noindex/utiltoolApp.build/Debug/utiltoolApp.build/assetcatalog_output/thinned

CompileAssetCatalogVariant thinned /Users/spxt666/Library/Developer/Xcode/DerivedData/utiltoolApp-cuykvtpzqsvezadloswvyzqxbeid/Build/Products/Debug/utiltoolApp.app/Contents/Resources /Users/spxt666/Documents/Record/utiltoolApp/utiltoolApp/utiltoolApp/Assets.xcassets (in target 'utiltoolApp' from project 'utiltoolApp')
    cd /Users/spxt666/Documents/Record/utiltoolApp/utiltoolApp
    /Applications/Xcode2.app/Contents/Developer/usr/bin/actool /Users/spxt666/Documents/Record/utiltoolApp/utiltoolApp/utiltoolApp/Assets.xcassets --compile /Users/spxt666/Library/Developer/Xcode/DerivedData/utiltoolApp-cuykvtpzqsvezadloswvyzqxbeid/Build/Intermediates.noindex/utiltoolApp.build/Debug/utiltoolApp.build/assetcatalog_output/thinned --output-format human-readable-text --notices --warnings --export-dependency-info /Users/spxt666/Library/Developer/Xcode/DerivedData/utiltoolApp-cuykvtpzqsvezadloswvyzqxbeid/Build/Intermediates.noindex/utiltoolApp.build/Debug/utiltoolApp.build/assetcatalog_dependencies_thinned --output-partial-info-plist /Users/spxt666/Library/Developer/Xcode/DerivedData/utiltoolApp-cuykvtpzqsvezadloswvyzqxbeid/Build/Intermediates.noindex/utiltoolApp.build/Debug/utiltoolApp.build/assetcatalog_generated_info.plist_thinned --app-icon AppIcon --accent-color AccentColor --enable-on-demand-resources NO --development-region en --target-device mac --minimum-deployment-target 15.6 --platform macosx
/* com.apple.actool.compilation-results */
/Users/spxt666/Library/Developer/Xcode/DerivedData/utiltoolApp-cuykvtpzqsvezadloswvyzqxbeid/Build/Intermediates.noindex/utiltoolApp.build/Debug/utiltoolApp.build/assetcatalog_generated_info.plist_thinned
/Users/spxt666/Library/Developer/Xcode/DerivedData/utiltoolApp-cuykvtpzqsvezadloswvyzqxbeid/Build/Intermediates.noindex/utiltoolApp.build/Debug/utiltoolApp.build/assetcatalog_output/thinned/Assets.car


SwiftDriver utiltoolApp normal arm64 com.apple.xcode.tools.swift.compiler (in target 'utiltoolApp' from project 'utiltoolApp')
    cd /Users/spxt666/Documents/Record/utiltoolApp/utiltoolApp
    builtin-SwiftDriver -- /Applications/Xcode2.app/Contents/Developer/Toolchains/XcodeDefault.xctoolchain/usr/bin/swiftc -module-name utiltoolApp -Onone @/Users/spxt666/Library/Developer/Xcode/DerivedData/utiltoolApp-cuykvtpzqsvezadloswvyzqxbeid/Build/Intermediates.noindex/utiltoolApp.build/Debug/utiltoolApp.build/Objects-normal/arm64/utiltoolApp.SwiftFileList -DDEBUG -default-isolation\=MainActor -enable-bare-slash-regex -enable-upcoming-feature DisableOutwardActorInference -enable-upcoming-feature InferSendableFromCaptures -enable-upcoming-feature GlobalActorIsolatedTypesUsability -enable-upcoming-feature MemberImportVisibility -enable-upcoming-feature InferIsolatedConformances -enable-upcoming-feature NonisolatedNonsendingByDefault -enable-experimental-feature DebugDescriptionMacro -sdk /Applications/Xcode2.app/Contents/Developer/Platforms/MacOSX.platform/Developer/SDKs/MacOSX26.4.sdk -target arm64-apple-macos15.6 -g -module-cache-path /Users/spxt666/Library/Developer/Xcode/DerivedData/ModuleCache.noindex -Xfrontend -serialize-debugging-options -enable-testing -index-store-path /Users/spxt666/Library/Developer/Xcode/DerivedData/utiltoolApp-cuykvtpzqsvezadloswvyzqxbeid/Index.noindex/DataStore -Xcc -D_LIBCPP_HARDENING_MODE\=_LIBCPP_HARDENING_MODE_DEBUG -swift-version 5 -I /Users/spxt666/Library/Developer/Xcode/DerivedData/utiltoolApp-cuykvtpzqsvezadloswvyzqxbeid/Build/Products/Debug -F /Users/spxt666/Library/Developer/Xcode/DerivedData/utiltoolApp-cuykvtpzqsvezadloswvyzqxbeid/Build/Products/Debug -emit-localized-strings -emit-localized-strings-path /Users/spxt666/Library/Developer/Xcode/DerivedData/utiltoolApp-cuykvtpzqsvezadloswvyzqxbeid/Build/Intermediates.noindex/utiltoolApp.build/Debug/utiltoolApp.build/Objects-normal/arm64 -c -j10 -enable-batch-mode -incremental -Xcc -ivfsstatcache -Xcc /Users/spxt666/Library/Developer/Xcode/DerivedData/SDKStatCaches.noindex/macosx26.4-25E246-ee6f3574c7e764b0319f773c845ec4ff.sdkstatcache -output-file-map /Users/spxt666/Library/Developer/Xcode/DerivedData/utiltoolApp-cuykvtpzqsvezadloswvyzqxbeid/Build/Intermediates.noindex/utiltoolApp.build/Debug/utiltoolApp.build/Objects-normal/arm64/utiltoolApp-OutputFileMap.json -use-frontend-parseable-output -save-temps -no-color-diagnostics -explicit-module-build -module-cache-path /Users/spxt666/Library/Developer/Xcode/DerivedData/utiltoolApp-cuykvtpzqsvezadloswvyzqxbeid/Build/Intermediates.noindex/SwiftExplicitPrecompiledModules -clang-scanner-module-cache-path /Users/spxt666/Library/Developer/Xcode/DerivedData/ModuleCache.noindex -sdk-module-cache-path /Users/spxt666/Library/Developer/Xcode/DerivedData/ModuleCache.noindex -serialize-diagnostics -emit-dependencies -emit-module -emit-module-path /Users/spxt666/Library/Developer/Xcode/DerivedData/utiltoolApp-cuykvtpzqsvezadloswvyzqxbeid/Build/Intermediates.noindex/utiltoolApp.build/Debug/utiltoolApp.build/Objects-normal/arm64/utiltoolApp.swiftmodule -validate-clang-modules-once -clang-build-session-file /Users/spxt666/Library/Developer/Xcode/DerivedData/ModuleCache.noindex/Session.modulevalidation -Xcc -I/Users/spxt666/Library/Developer/Xcode/DerivedData/utiltoolApp-cuykvtpzqsvezadloswvyzqxbeid/Build/Intermediates.noindex/utiltoolApp.build/Debug/utiltoolApp.build/swift-overrides.hmap -emit-const-values -Xfrontend -const-gather-protocols-file -Xfrontend /Users/spxt666/Library/Developer/Xcode/DerivedData/utiltoolApp-cuykvtpzqsvezadloswvyzqxbeid/Build/Intermediates.noindex/utiltoolApp.build/Debug/utiltoolApp.build/Objects-normal/arm64/utiltoolApp_const_extract_protocols.json -Xcc -iquote -Xcc /Users/spxt666/Library/Developer/Xcode/DerivedData/utiltoolApp-cuykvtpzqsvezadloswvyzqxbeid/Build/Intermediates.noindex/utiltoolApp.build/Debug/utiltoolApp.build/utiltoolApp-generated-files.hmap -Xcc -I/Users/spxt666/Library/Developer/Xcode/DerivedData/utiltoolApp-cuykvtpzqsvezadloswvyzqxbeid/Build/Intermediates.noindex/utiltoolApp.build/Debug/utiltoolApp.build/utiltoolApp-own-target-headers.hmap -Xcc -I/Users/spxt666/Library/Developer/Xcode/DerivedData/utiltoolApp-cuykvtpzqsvezadloswvyzqxbeid/Build/Intermediates.noindex/utiltoolApp.build/Debug/utiltoolApp.build/utiltoolApp-all-target-headers.hmap -Xcc -iquote -Xcc /Users/spxt666/Library/Developer/Xcode/DerivedData/utiltoolApp-cuykvtpzqsvezadloswvyzqxbeid/Build/Intermediates.noindex/utiltoolApp.build/Debug/utiltoolApp.build/utiltoolApp-project-headers.hmap -Xcc -I/Users/spxt666/Library/Developer/Xcode/DerivedData/utiltoolApp-cuykvtpzqsvezadloswvyzqxbeid/Build/Products/Debug/include -Xcc -I/Users/spxt666/Library/Developer/Xcode/DerivedData/utiltoolApp-cuykvtpzqsvezadloswvyzqxbeid/Build/Intermediates.noindex/utiltoolApp.build/Debug/utiltoolApp.build/DerivedSources-normal/arm64 -Xcc -I/Users/spxt666/Library/Developer/Xcode/DerivedData/utiltoolApp-cuykvtpzqsvezadloswvyzqxbeid/Build/Intermediates.noindex/utiltoolApp.build/Debug/utiltoolApp.build/DerivedSources/arm64 -Xcc -I/Users/spxt666/Library/Developer/Xcode/DerivedData/utiltoolApp-cuykvtpzqsvezadloswvyzqxbeid/Build/Intermediates.noindex/utiltoolApp.build/Debug/utiltoolApp.build/DerivedSources -Xcc -DDEBUG\=1 -emit-objc-header -emit-objc-header-path /Users/spxt666/Library/Developer/Xcode/DerivedData/utiltoolApp-cuykvtpzqsvezadloswvyzqxbeid/Build/Intermediates.noindex/utiltoolApp.build/Debug/utiltoolApp.build/Objects-normal/arm64/utiltoolApp-Swift.h -working-directory /Users/spxt666/Documents/Record/utiltoolApp/utiltoolApp -experimental-emit-module-separately -disable-cmo

SwiftCompile normal arm64 Compiling\ IOTextPanel.swift,\ MenuBarView.swift,\ SimpleHTTPServer.swift,\ Base32.swift,\ BenchmarkUtils.swift,\ NavigationState.swift,\ ToolItem.swift /Users/spxt666/Documents/Record/utiltoolApp/utiltoolApp/utiltoolApp/Components/IOTextPanel.swift /Users/spxt666/Documents/Record/utiltoolApp/utiltoolApp/utiltoolApp/Components/MenuBarView.swift /Users/spxt666/Documents/Record/utiltoolApp/utiltoolApp/utiltoolApp/Core/Network/SimpleHTTPServer.swift /Users/spxt666/Documents/Record/utiltoolApp/utiltoolApp/utiltoolApp/Core/Utils/Base32.swift /Users/spxt666/Documents/Record/utiltoolApp/utiltoolApp/utiltoolApp/Core/Utils/BenchmarkUtils.swift /Users/spxt666/Documents/Record/utiltoolApp/utiltoolApp/utiltoolApp/Core/NavigationState.swift /Users/spxt666/Documents/Record/utiltoolApp/utiltoolApp/utiltoolApp/Core/ToolItem.swift (in target 'utiltoolApp' from project 'utiltoolApp')
SwiftCompile normal arm64 /Users/spxt666/Documents/Record/utiltoolApp/utiltoolApp/utiltoolApp/Components/IOTextPanel.swift (in target 'utiltoolApp' from project 'utiltoolApp')
    cd /Users/spxt666/Documents/Record/utiltoolApp/utiltoolApp
    

SwiftCompile normal arm64 /Users/spxt666/Documents/Record/utiltoolApp/utiltoolApp/utiltoolApp/Components/MenuBarView.swift (in target 'utiltoolApp' from project 'utiltoolApp')
    cd /Users/spxt666/Documents/Record/utiltoolApp/utiltoolApp
    

SwiftCompile normal arm64 /Users/spxt666/Documents/Record/utiltoolApp/utiltoolApp/utiltoolApp/Core/Network/SimpleHTTPServer.swift (in target 'utiltoolApp' from project 'utiltoolApp')
    cd /Users/spxt666/Documents/Record/utiltoolApp/utiltoolApp
    

SwiftCompile normal arm64 /Users/spxt666/Documents/Record/utiltoolApp/utiltoolApp/utiltoolApp/Core/Utils/Base32.swift (in target 'utiltoolApp' from project 'utiltoolApp')
    cd /Users/spxt666/Documents/Record/utiltoolApp/utiltoolApp
    

SwiftCompile normal arm64 /Users/spxt666/Documents/Record/utiltoolApp/utiltoolApp/utiltoolApp/Core/Utils/BenchmarkUtils.swift (in target 'utiltoolApp' from project 'utiltoolApp')
    cd /Users/spxt666/Documents/Record/utiltoolApp/utiltoolApp
    

SwiftCompile normal arm64 /Users/spxt666/Documents/Record/utiltoolApp/utiltoolApp/utiltoolApp/Core/NavigationState.swift (in target 'utiltoolApp' from project 'utiltoolApp')
    cd /Users/spxt666/Documents/Record/utiltoolApp/utiltoolApp
    

SwiftCompile normal arm64 /Users/spxt666/Documents/Record/utiltoolApp/utiltoolApp/utiltoolApp/Core/ToolItem.swift (in target 'utiltoolApp' from project 'utiltoolApp')
    cd /Users/spxt666/Documents/Record/utiltoolApp/utiltoolApp
    

SwiftCompile normal arm64 Compiling\ JSONConverterViewModel.swift,\ JSONFormatterView.swift,\ JSONFormatterViewModel.swift,\ JSONToCodeView.swift,\ JSONToCodeViewModel.swift,\ XMLFormatterView.swift,\ XMLFormatterViewModel.swift /Users/spxt666/Documents/Record/utiltoolApp/utiltoolApp/utiltoolApp/Features/Formatting/JSONConverterViewModel.swift /Users/spxt666/Documents/Record/utiltoolApp/utiltoolApp/utiltoolApp/Features/Formatting/JSONFormatterView.swift /Users/spxt666/Documents/Record/utiltoolApp/utiltoolApp/utiltoolApp/Features/Formatting/JSONFormatterViewModel.swift /Users/spxt666/Documents/Record/utiltoolApp/utiltoolApp/utiltoolApp/Features/Formatting/JSONToCodeView.swift /Users/spxt666/Documents/Record/utiltoolApp/utiltoolApp/utiltoolApp/Features/Formatting/JSONToCodeViewModel.swift /Users/spxt666/Documents/Record/utiltoolApp/utiltoolApp/utiltoolApp/Features/Formatting/XMLFormatterView.swift /Users/spxt666/Documents/Record/utiltoolApp/utiltoolApp/utiltoolApp/Features/Formatting/XMLFormatterViewModel.swift (in target 'utiltoolApp' from project 'utiltoolApp')

SwiftCompile normal arm64 /Users/spxt666/Documents/Record/utiltoolApp/utiltoolApp/utiltoolApp/Features/Formatting/JSONConverterViewModel.swift (in target 'utiltoolApp' from project 'utiltoolApp')
    cd /Users/spxt666/Documents/Record/utiltoolApp/utiltoolApp
    
/Users/spxt666/Documents/Record/utiltoolApp/utiltoolApp/utiltoolApp/Features/Formatting/JSONConverterViewModel.swift:58:18: warning: immutable value 'index' was never used; consider replacing with '_' or removing it
            for (index, key) in sortedKeys.enumerated() {
                 ^~~~~
                 _

SwiftCompile normal arm64 /Users/spxt666/Documents/Record/utiltoolApp/utiltoolApp/utiltoolApp/Features/Formatting/JSONFormatterView.swift (in target 'utiltoolApp' from project 'utiltoolApp')
    cd /Users/spxt666/Documents/Record/utiltoolApp/utiltoolApp
    

SwiftCompile normal arm64 /Users/spxt666/Documents/Record/utiltoolApp/utiltoolApp/utiltoolApp/Features/Formatting/JSONFormatterViewModel.swift (in target 'utiltoolApp' from project 'utiltoolApp')
    cd /Users/spxt666/Documents/Record/utiltoolApp/utiltoolApp
    
/Users/spxt666/Documents/Record/utiltoolApp/utiltoolApp/utiltoolApp/Features/Formatting/JSONFormatterViewModel.swift:33:17: warning: variable 'writingOptions' was never mutated; consider changing to 'let' constant
            var writingOptions: JSONSerialization.WritingOptions = [.prettyPrinted, .withoutEscapingSlashes]
            ~~~ ^
            let

SwiftCompile normal arm64 /Users/spxt666/Documents/Record/utiltoolApp/utiltoolApp/utiltoolApp/Features/Formatting/JSONToCodeView.swift (in target 'utiltoolApp' from project 'utiltoolApp')
    cd /Users/spxt666/Documents/Record/utiltoolApp/utiltoolApp
    

SwiftCompile normal arm64 /Users/spxt666/Documents/Record/utiltoolApp/utiltoolApp/utiltoolApp/Features/Formatting/JSONToCodeViewModel.swift (in target 'utiltoolApp' from project 'utiltoolApp')
    cd /Users/spxt666/Documents/Record/utiltoolApp/utiltoolApp
    

SwiftCompile normal arm64 /Users/spxt666/Documents/Record/utiltoolApp/utiltoolApp/utiltoolApp/Features/Formatting/XMLFormatterView.swift (in target 'utiltoolApp' from project 'utiltoolApp')
    cd /Users/spxt666/Documents/Record/utiltoolApp/utiltoolApp
    

SwiftCompile normal arm64 /Users/spxt666/Documents/Record/utiltoolApp/utiltoolApp/utiltoolApp/Features/Formatting/XMLFormatterViewModel.swift (in target 'utiltoolApp' from project 'utiltoolApp')
    cd /Users/spxt666/Documents/Record/utiltoolApp/utiltoolApp
    

SwiftCompile normal arm64 Compiling\ UUIDView.swift,\ UUIDViewModel.swift,\ BluetoothLaunchView.swift,\ BluetoothViewModel.swift,\ BluetoothWorkspaceView.swift,\ CronView.swift /Users/spxt666/Documents/Record/utiltoolApp/utiltoolApp/utiltoolApp/Features/Generator/UUIDView.swift /Users/spxt666/Documents/Record/utiltoolApp/utiltoolApp/utiltoolApp/Features/Generator/UUIDViewModel.swift /Users/spxt666/Documents/Record/utiltoolApp/utiltoolApp/utiltoolApp/Features/Network/BluetoothLaunchView.swift /Users/spxt666/Documents/Record/utiltoolApp/utiltoolApp/utiltoolApp/Features/Network/BluetoothViewModel.swift /Users/spxt666/Documents/Record/utiltoolApp/utiltoolApp/utiltoolApp/Features/Network/BluetoothWorkspaceView.swift /Users/spxt666/Documents/Record/utiltoolApp/utiltoolApp/utiltoolApp/Features/Network/CronView.swift (in target 'utiltoolApp' from project 'utiltoolApp')
SwiftCompile normal arm64 /Users/spxt666/Documents/Record/utiltoolApp/utiltoolApp/utiltoolApp/Features/Generator/UUIDView.swift (in target 'utiltoolApp' from project 'utiltoolApp')
    cd /Users/spxt666/Documents/Record/utiltoolApp/utiltoolApp
    

SwiftCompile normal arm64 /Users/spxt666/Documents/Record/utiltoolApp/utiltoolApp/utiltoolApp/Features/Generator/UUIDViewModel.swift (in target 'utiltoolApp' from project 'utiltoolApp')
    cd /Users/spxt666/Documents/Record/utiltoolApp/utiltoolApp
    

SwiftCompile normal arm64 /Users/spxt666/Documents/Record/utiltoolApp/utiltoolApp/utiltoolApp/Features/Network/BluetoothLaunchView.swift (in target 'utiltoolApp' from project 'utiltoolApp')
    cd /Users/spxt666/Documents/Record/utiltoolApp/utiltoolApp
    

SwiftCompile normal arm64 /Users/spxt666/Documents/Record/utiltoolApp/utiltoolApp/utiltoolApp/Features/Network/BluetoothViewModel.swift (in target 'utiltoolApp' from project 'utiltoolApp')
    cd /Users/spxt666/Documents/Record/utiltoolApp/utiltoolApp
    

SwiftCompile normal arm64 /Users/spxt666/Documents/Record/utiltoolApp/utiltoolApp/utiltoolApp/Features/Network/BluetoothWorkspaceView.swift (in target 'utiltoolApp' from project 'utiltoolApp')
    cd /Users/spxt666/Documents/Record/utiltoolApp/utiltoolApp
    

SwiftCompile normal arm64 /Users/spxt666/Documents/Record/utiltoolApp/utiltoolApp/utiltoolApp/Features/Network/CronView.swift (in target 'utiltoolApp' from project 'utiltoolApp')
    cd /Users/spxt666/Documents/Record/utiltoolApp/utiltoolApp
    

SwiftCompile normal arm64 Compiling\ ColorConvertView.swift,\ ColorConvertViewModel.swift,\ PasswordView.swift,\ PasswordViewModel.swift,\ QRCodeView.swift,\ QRCodeViewModel.swift /Users/spxt666/Documents/Record/utiltoolApp/utiltoolApp/utiltoolApp/Features/Generator/ColorConvertView.swift /Users/spxt666/Documents/Record/utiltoolApp/utiltoolApp/utiltoolApp/Features/Generator/ColorConvertViewModel.swift /Users/spxt666/Documents/Record/utiltoolApp/utiltoolApp/utiltoolApp/Features/Generator/PasswordView.swift /Users/spxt666/Documents/Record/utiltoolApp/utiltoolApp/utiltoolApp/Features/Generator/PasswordViewModel.swift /Users/spxt666/Documents/Record/utiltoolApp/utiltoolApp/utiltoolApp/Features/Generator/QRCodeView.swift /Users/spxt666/Documents/Record/utiltoolApp/utiltoolApp/utiltoolApp/Features/Generator/QRCodeViewModel.swift (in target 'utiltoolApp' from project 'utiltoolApp')
SwiftCompile normal arm64 /Users/spxt666/Documents/Record/utiltoolApp/utiltoolApp/utiltoolApp/Features/Generator/ColorConvertView.swift (in target 'utiltoolApp' from project 'utiltoolApp')
    cd /Users/spxt666/Documents/Record/utiltoolApp/utiltoolApp
    

SwiftCompile normal arm64 /Users/spxt666/Documents/Record/utiltoolApp/utiltoolApp/utiltoolApp/Features/Generator/ColorConvertViewModel.swift (in target 'utiltoolApp' from project 'utiltoolApp')
    cd /Users/spxt666/Documents/Record/utiltoolApp/utiltoolApp
    

SwiftCompile normal arm64 /Users/spxt666/Documents/Record/utiltoolApp/utiltoolApp/utiltoolApp/Features/Generator/PasswordView.swift (in target 'utiltoolApp' from project 'utiltoolApp')
    cd /Users/spxt666/Documents/Record/utiltoolApp/utiltoolApp
    

SwiftCompile normal arm64 /Users/spxt666/Documents/Record/utiltoolApp/utiltoolApp/utiltoolApp/Features/Generator/PasswordViewModel.swift (in target 'utiltoolApp' from project 'utiltoolApp')
    cd /Users/spxt666/Documents/Record/utiltoolApp/utiltoolApp
    

SwiftCompile normal arm64 /Users/spxt666/Documents/Record/utiltoolApp/utiltoolApp/utiltoolApp/Features/Generator/QRCodeView.swift (in target 'utiltoolApp' from project 'utiltoolApp')
    cd /Users/spxt666/Documents/Record/utiltoolApp/utiltoolApp
    

SwiftCompile normal arm64 /Users/spxt666/Documents/Record/utiltoolApp/utiltoolApp/utiltoolApp/Features/Generator/QRCodeViewModel.swift (in target 'utiltoolApp' from project 'utiltoolApp')
    cd /Users/spxt666/Documents/Record/utiltoolApp/utiltoolApp
    

SwiftCompile normal arm64 Compiling\ BaseConvertView.swift,\ BaseConvertViewModel.swift,\ TimestampView.swift,\ TimestampViewModel.swift,\ Base64ImageView.swift,\ Base64ImageViewModel.swift,\ Base64View.swift /Users/spxt666/Documents/Record/utiltoolApp/utiltoolApp/utiltoolApp/Features/Conversion/BaseConvertView.swift /Users/spxt666/Documents/Record/utiltoolApp/utiltoolApp/utiltoolApp/Features/Conversion/BaseConvertViewModel.swift /Users/spxt666/Documents/Record/utiltoolApp/utiltoolApp/utiltoolApp/Features/Conversion/TimestampView.swift /Users/spxt666/Documents/Record/utiltoolApp/utiltoolApp/utiltoolApp/Features/Conversion/TimestampViewModel.swift /Users/spxt666/Documents/Record/utiltoolApp/utiltoolApp/utiltoolApp/Features/Cryptography/Base64ImageView.swift /Users/spxt666/Documents/Record/utiltoolApp/utiltoolApp/utiltoolApp/Features/Cryptography/Base64ImageViewModel.swift /Users/spxt666/Documents/Record/utiltoolApp/utiltoolApp/utiltoolApp/Features/Cryptography/Base64View.swift (in target 'utiltoolApp' from project 'utiltoolApp')

SwiftCompile normal arm64 /Users/spxt666/Documents/Record/utiltoolApp/utiltoolApp/utiltoolApp/Features/Conversion/BaseConvertView.swift (in target 'utiltoolApp' from project 'utiltoolApp')
    cd /Users/spxt666/Documents/Record/utiltoolApp/utiltoolApp
    

SwiftCompile normal arm64 /Users/spxt666/Documents/Record/utiltoolApp/utiltoolApp/utiltoolApp/Features/Conversion/BaseConvertViewModel.swift (in target 'utiltoolApp' from project 'utiltoolApp')
    cd /Users/spxt666/Documents/Record/utiltoolApp/utiltoolApp
    

SwiftCompile normal arm64 /Users/spxt666/Documents/Record/utiltoolApp/utiltoolApp/utiltoolApp/Features/Conversion/TimestampView.swift (in target 'utiltoolApp' from project 'utiltoolApp')
    cd /Users/spxt666/Documents/Record/utiltoolApp/utiltoolApp
    

SwiftCompile normal arm64 /Users/spxt666/Documents/Record/utiltoolApp/utiltoolApp/utiltoolApp/Features/Conversion/TimestampViewModel.swift (in target 'utiltoolApp' from project 'utiltoolApp')
    cd /Users/spxt666/Documents/Record/utiltoolApp/utiltoolApp
    

SwiftCompile normal arm64 /Users/spxt666/Documents/Record/utiltoolApp/utiltoolApp/utiltoolApp/Features/Cryptography/Base64ImageView.swift (in target 'utiltoolApp' from project 'utiltoolApp')
    cd /Users/spxt666/Documents/Record/utiltoolApp/utiltoolApp
    

SwiftCompile normal arm64 /Users/spxt666/Documents/Record/utiltoolApp/utiltoolApp/utiltoolApp/Features/Cryptography/Base64ImageViewModel.swift (in target 'utiltoolApp' from project 'utiltoolApp')
    cd /Users/spxt666/Documents/Record/utiltoolApp/utiltoolApp
    

SwiftCompile normal arm64 /Users/spxt666/Documents/Record/utiltoolApp/utiltoolApp/utiltoolApp/Features/Cryptography/Base64View.swift (in target 'utiltoolApp' from project 'utiltoolApp')
    cd /Users/spxt666/Documents/Record/utiltoolApp/utiltoolApp
    

SwiftCompile normal arm64 Compiling\ Base64ViewModel.swift,\ BaseToolView.swift,\ HashView.swift,\ HashViewModel.swift,\ JWTDecoderView.swift,\ JWTDecoderViewModel.swift,\ JSONConverterView.swift /Users/spxt666/Documents/Record/utiltoolApp/utiltoolApp/utiltoolApp/Features/Cryptography/Base64ViewModel.swift /Users/spxt666/Documents/Record/utiltoolApp/utiltoolApp/utiltoolApp/Features/Cryptography/BaseToolView.swift /Users/spxt666/Documents/Record/utiltoolApp/utiltoolApp/utiltoolApp/Features/Cryptography/HashView.swift /Users/spxt666/Documents/Record/utiltoolApp/utiltoolApp/utiltoolApp/Features/Cryptography/HashViewModel.swift /Users/spxt666/Documents/Record/utiltoolApp/utiltoolApp/utiltoolApp/Features/Cryptography/JWTDecoderView.swift /Users/spxt666/Documents/Record/utiltoolApp/utiltoolApp/utiltoolApp/Features/Cryptography/JWTDecoderViewModel.swift /Users/spxt666/Documents/Record/utiltoolApp/utiltoolApp/utiltoolApp/Features/Formatting/JSONConverterView.swift (in target 'utiltoolApp' from project 'utiltoolApp')

SwiftCompile normal arm64 /Users/spxt666/Documents/Record/utiltoolApp/utiltoolApp/utiltoolApp/Features/Cryptography/Base64ViewModel.swift (in target 'utiltoolApp' from project 'utiltoolApp')
    cd /Users/spxt666/Documents/Record/utiltoolApp/utiltoolApp
    

SwiftCompile normal arm64 /Users/spxt666/Documents/Record/utiltoolApp/utiltoolApp/utiltoolApp/Features/Cryptography/BaseToolView.swift (in target 'utiltoolApp' from project 'utiltoolApp')
    cd /Users/spxt666/Documents/Record/utiltoolApp/utiltoolApp
    

SwiftCompile normal arm64 /Users/spxt666/Documents/Record/utiltoolApp/utiltoolApp/utiltoolApp/Features/Cryptography/HashView.swift (in target 'utiltoolApp' from project 'utiltoolApp')
    cd /Users/spxt666/Documents/Record/utiltoolApp/utiltoolApp
    

SwiftCompile normal arm64 /Users/spxt666/Documents/Record/utiltoolApp/utiltoolApp/utiltoolApp/Features/Cryptography/HashViewModel.swift (in target 'utiltoolApp' from project 'utiltoolApp')
    cd /Users/spxt666/Documents/Record/utiltoolApp/utiltoolApp
    

SwiftCompile normal arm64 /Users/spxt666/Documents/Record/utiltoolApp/utiltoolApp/utiltoolApp/Features/Cryptography/JWTDecoderView.swift (in target 'utiltoolApp' from project 'utiltoolApp')
    cd /Users/spxt666/Documents/Record/utiltoolApp/utiltoolApp
    

SwiftCompile normal arm64 /Users/spxt666/Documents/Record/utiltoolApp/utiltoolApp/utiltoolApp/Features/Cryptography/JWTDecoderViewModel.swift (in target 'utiltoolApp' from project 'utiltoolApp')
    cd /Users/spxt666/Documents/Record/utiltoolApp/utiltoolApp
    

SwiftCompile normal arm64 /Users/spxt666/Documents/Record/utiltoolApp/utiltoolApp/utiltoolApp/Features/Formatting/JSONConverterView.swift (in target 'utiltoolApp' from project 'utiltoolApp')
    cd /Users/spxt666/Documents/Record/utiltoolApp/utiltoolApp
    

SwiftEmitModule normal arm64 Emitting\ module\ for\ utiltoolApp (in target 'utiltoolApp' from project 'utiltoolApp')

EmitSwiftModule normal arm64 (in target 'utiltoolApp' from project 'utiltoolApp')
    cd /Users/spxt666/Documents/Record/utiltoolApp/utiltoolApp
    

SwiftCompile normal arm64 Compiling\ URLParserViewModel.swift,\ URLToolView.swift,\ SidebarView.swift,\ CaseConverterView.swift,\ CaseConverterViewModel.swift,\ RegexTesterView.swift /Users/spxt666/Documents/Record/utiltoolApp/utiltoolApp/utiltoolApp/Features/Network/URLParserViewModel.swift /Users/spxt666/Documents/Record/utiltoolApp/utiltoolApp/utiltoolApp/Features/Network/URLToolView.swift /Users/spxt666/Documents/Record/utiltoolApp/utiltoolApp/utiltoolApp/Features/Sidebar/SidebarView.swift /Users/spxt666/Documents/Record/utiltoolApp/utiltoolApp/utiltoolApp/Features/Text/CaseConverterView.swift /Users/spxt666/Documents/Record/utiltoolApp/utiltoolApp/utiltoolApp/Features/Text/CaseConverterViewModel.swift /Users/spxt666/Documents/Record/utiltoolApp/utiltoolApp/utiltoolApp/Features/Text/RegexTesterView.swift (in target 'utiltoolApp' from project 'utiltoolApp')

SwiftCompile normal arm64 /Users/spxt666/Documents/Record/utiltoolApp/utiltoolApp/utiltoolApp/Features/Network/URLParserViewModel.swift (in target 'utiltoolApp' from project 'utiltoolApp')
    cd /Users/spxt666/Documents/Record/utiltoolApp/utiltoolApp
    

SwiftCompile normal arm64 /Users/spxt666/Documents/Record/utiltoolApp/utiltoolApp/utiltoolApp/Features/Network/URLToolView.swift (in target 'utiltoolApp' from project 'utiltoolApp')
    cd /Users/spxt666/Documents/Record/utiltoolApp/utiltoolApp
    

SwiftCompile normal arm64 /Users/spxt666/Documents/Record/utiltoolApp/utiltoolApp/utiltoolApp/Features/Sidebar/SidebarView.swift (in target 'utiltoolApp' from project 'utiltoolApp')
    cd /Users/spxt666/Documents/Record/utiltoolApp/utiltoolApp
    

SwiftCompile normal arm64 /Users/spxt666/Documents/Record/utiltoolApp/utiltoolApp/utiltoolApp/Features/Text/CaseConverterView.swift (in target 'utiltoolApp' from project 'utiltoolApp')
    cd /Users/spxt666/Documents/Record/utiltoolApp/utiltoolApp
    

SwiftCompile normal arm64 /Users/spxt666/Documents/Record/utiltoolApp/utiltoolApp/utiltoolApp/Features/Text/CaseConverterViewModel.swift (in target 'utiltoolApp' from project 'utiltoolApp')
    cd /Users/spxt666/Documents/Record/utiltoolApp/utiltoolApp
    

SwiftCompile normal arm64 /Users/spxt666/Documents/Record/utiltoolApp/utiltoolApp/utiltoolApp/Features/Text/RegexTesterView.swift (in target 'utiltoolApp' from project 'utiltoolApp')
    cd /Users/spxt666/Documents/Record/utiltoolApp/utiltoolApp
    

SwiftCompile normal arm64 Compiling\ CronViewModel.swift,\ MDNSLaunchView.swift,\ MDNSViewModel.swift,\ MDNSWorkspaceView.swift,\ MockAPILogView.swift,\ MockAPIView.swift /Users/spxt666/Documents/Record/utiltoolApp/utiltoolApp/utiltoolApp/Features/Network/CronViewModel.swift /Users/spxt666/Documents/Record/utiltoolApp/utiltoolApp/utiltoolApp/Features/Network/MDNSLaunchView.swift /Users/spxt666/Documents/Record/utiltoolApp/utiltoolApp/utiltoolApp/Features/Network/MDNSViewModel.swift /Users/spxt666/Documents/Record/utiltoolApp/utiltoolApp/utiltoolApp/Features/Network/MDNSWorkspaceView.swift /Users/spxt666/Documents/Record/utiltoolApp/utiltoolApp/utiltoolApp/Features/Network/MockAPILogView.swift /Users/spxt666/Documents/Record/utiltoolApp/utiltoolApp/utiltoolApp/Features/Network/MockAPIView.swift (in target 'utiltoolApp' from project 'utiltoolApp')
SwiftCompile normal arm64 /Users/spxt666/Documents/Record/utiltoolApp/utiltoolApp/utiltoolApp/Features/Network/CronViewModel.swift (in target 'utiltoolApp' from project 'utiltoolApp')
    cd /Users/spxt666/Documents/Record/utiltoolApp/utiltoolApp
    

SwiftCompile normal arm64 /Users/spxt666/Documents/Record/utiltoolApp/utiltoolApp/utiltoolApp/Features/Network/MDNSLaunchView.swift (in target 'utiltoolApp' from project 'utiltoolApp')
    cd /Users/spxt666/Documents/Record/utiltoolApp/utiltoolApp
    

SwiftCompile normal arm64 /Users/spxt666/Documents/Record/utiltoolApp/utiltoolApp/utiltoolApp/Features/Network/MDNSViewModel.swift (in target 'utiltoolApp' from project 'utiltoolApp')
    cd /Users/spxt666/Documents/Record/utiltoolApp/utiltoolApp
    

SwiftCompile normal arm64 /Users/spxt666/Documents/Record/utiltoolApp/utiltoolApp/utiltoolApp/Features/Network/MDNSWorkspaceView.swift (in target 'utiltoolApp' from project 'utiltoolApp')
    cd /Users/spxt666/Documents/Record/utiltoolApp/utiltoolApp
    

SwiftCompile normal arm64 /Users/spxt666/Documents/Record/utiltoolApp/utiltoolApp/utiltoolApp/Features/Network/MockAPILogView.swift (in target 'utiltoolApp' from project 'utiltoolApp')
    cd /Users/spxt666/Documents/Record/utiltoolApp/utiltoolApp
    

SwiftCompile normal arm64 /Users/spxt666/Documents/Record/utiltoolApp/utiltoolApp/utiltoolApp/Features/Network/MockAPIView.swift (in target 'utiltoolApp' from project 'utiltoolApp')
    cd /Users/spxt666/Documents/Record/utiltoolApp/utiltoolApp
    

SwiftCompile normal arm64 Compiling\ RegexTesterViewModel.swift,\ TextDiffView.swift,\ TextDiffViewModel.swift,\ ContentView.swift,\ utiltoolAppApp.swift,\ GeneratedAssetSymbols.swift /Users/spxt666/Documents/Record/utiltoolApp/utiltoolApp/utiltoolApp/Features/Text/RegexTesterViewModel.swift /Users/spxt666/Documents/Record/utiltoolApp/utiltoolApp/utiltoolApp/Features/Text/TextDiffView.swift /Users/spxt666/Documents/Record/utiltoolApp/utiltoolApp/utiltoolApp/Features/Text/TextDiffViewModel.swift /Users/spxt666/Documents/Record/utiltoolApp/utiltoolApp/utiltoolApp/ContentView.swift /Users/spxt666/Documents/Record/utiltoolApp/utiltoolApp/utiltoolApp/utiltoolAppApp.swift /Users/spxt666/Library/Developer/Xcode/DerivedData/utiltoolApp-cuykvtpzqsvezadloswvyzqxbeid/Build/Intermediates.noindex/utiltoolApp.build/Debug/utiltoolApp.build/DerivedSources/GeneratedAssetSymbols.swift (in target 'utiltoolApp' from project 'utiltoolApp')
SwiftCompile normal arm64 /Users/spxt666/Documents/Record/utiltoolApp/utiltoolApp/utiltoolApp/Features/Text/RegexTesterViewModel.swift (in target 'utiltoolApp' from project 'utiltoolApp')
    cd /Users/spxt666/Documents/Record/utiltoolApp/utiltoolApp
    

SwiftCompile normal arm64 /Users/spxt666/Documents/Record/utiltoolApp/utiltoolApp/utiltoolApp/Features/Text/TextDiffView.swift (in target 'utiltoolApp' from project 'utiltoolApp')
    cd /Users/spxt666/Documents/Record/utiltoolApp/utiltoolApp
    

SwiftCompile normal arm64 /Users/spxt666/Documents/Record/utiltoolApp/utiltoolApp/utiltoolApp/Features/Text/TextDiffViewModel.swift (in target 'utiltoolApp' from project 'utiltoolApp')
    cd /Users/spxt666/Documents/Record/utiltoolApp/utiltoolApp
    
/Users/spxt666/Documents/Record/utiltoolApp/utiltoolApp/utiltoolApp/Features/Text/TextDiffViewModel.swift:38:13: warning: initialization of immutable value 'difference' was never used; consider replacing with assignment to '_' or removing it
        let difference = rightLines.difference(from: leftLines)
        ~~~~^~~~~~~~~~
        _
/Users/spxt666/Documents/Record/utiltoolApp/utiltoolApp/utiltoolApp/Features/Text/TextDiffViewModel.swift:49:38: warning: immutable value 'element' was never used; consider replacing with '_' or removing it
            case let .remove(offset, element, _):
                                     ^~~~~~~
                                     _

SwiftCompile normal arm64 /Users/spxt666/Documents/Record/utiltoolApp/utiltoolApp/utiltoolApp/ContentView.swift (in target 'utiltoolApp' from project 'utiltoolApp')
    cd /Users/spxt666/Documents/Record/utiltoolApp/utiltoolApp
    
/Users/spxt666/Documents/Record/utiltoolApp/utiltoolApp/utiltoolApp/ContentView.swift:70:9: warning: default will never be executed
        default:
        ^

SwiftCompile normal arm64 /Users/spxt666/Documents/Record/utiltoolApp/utiltoolApp/utiltoolApp/utiltoolAppApp.swift (in target 'utiltoolApp' from project 'utiltoolApp')
    cd /Users/spxt666/Documents/Record/utiltoolApp/utiltoolApp
    

SwiftCompile normal arm64 /Users/spxt666/Library/Developer/Xcode/DerivedData/utiltoolApp-cuykvtpzqsvezadloswvyzqxbeid/Build/Intermediates.noindex/utiltoolApp.build/Debug/utiltoolApp.build/DerivedSources/GeneratedAssetSymbols.swift (in target 'utiltoolApp' from project 'utiltoolApp')
    cd /Users/spxt666/Documents/Record/utiltoolApp/utiltoolApp
    

LinkAssetCatalog /Users/spxt666/Documents/Record/utiltoolApp/utiltoolApp/utiltoolApp/Assets.xcassets (in target 'utiltoolApp' from project 'utiltoolApp')
    cd /Users/spxt666/Documents/Record/utiltoolApp/utiltoolApp
    builtin-linkAssetCatalog --thinned /Users/spxt666/Library/Developer/Xcode/DerivedData/utiltoolApp-cuykvtpzqsvezadloswvyzqxbeid/Build/Intermediates.noindex/utiltoolApp.build/Debug/utiltoolApp.build/assetcatalog_output/thinned --thinned-dependencies /Users/spxt666/Library/Developer/Xcode/DerivedData/utiltoolApp-cuykvtpzqsvezadloswvyzqxbeid/Build/Intermediates.noindex/utiltoolApp.build/Debug/utiltoolApp.build/assetcatalog_dependencies_thinned --thinned-info-plist-content /Users/spxt666/Library/Developer/Xcode/DerivedData/utiltoolApp-cuykvtpzqsvezadloswvyzqxbeid/Build/Intermediates.noindex/utiltoolApp.build/Debug/utiltoolApp.build/assetcatalog_generated_info.plist_thinned --unthinned /Users/spxt666/Library/Developer/Xcode/DerivedData/utiltoolApp-cuykvtpzqsvezadloswvyzqxbeid/Build/Intermediates.noindex/utiltoolApp.build/Debug/utiltoolApp.build/assetcatalog_output/unthinned --unthinned-dependencies /Users/spxt666/Library/Developer/Xcode/DerivedData/utiltoolApp-cuykvtpzqsvezadloswvyzqxbeid/Build/Intermediates.noindex/utiltoolApp.build/Debug/utiltoolApp.build/assetcatalog_dependencies_unthinned --unthinned-info-plist-content /Users/spxt666/Library/Developer/Xcode/DerivedData/utiltoolApp-cuykvtpzqsvezadloswvyzqxbeid/Build/Intermediates.noindex/utiltoolApp.build/Debug/utiltoolApp.build/assetcatalog_generated_info.plist_unthinned --output /Users/spxt666/Library/Developer/Xcode/DerivedData/utiltoolApp-cuykvtpzqsvezadloswvyzqxbeid/Build/Products/Debug/utiltoolApp.app/Contents/Resources --plist-output /Users/spxt666/Library/Developer/Xcode/DerivedData/utiltoolApp-cuykvtpzqsvezadloswvyzqxbeid/Build/Intermediates.noindex/utiltoolApp.build/Debug/utiltoolApp.build/assetcatalog_generated_info.plist
note: Emplaced /Users/spxt666/Library/Developer/Xcode/DerivedData/utiltoolApp-cuykvtpzqsvezadloswvyzqxbeid/Build/Products/Debug/utiltoolApp.app/Contents/Resources/Assets.car (in target 'utiltoolApp' from project 'utiltoolApp')

SwiftDriverJobDiscovery normal arm64 Compiling URLParserViewModel.swift, URLToolView.swift, SidebarView.swift, CaseConverterView.swift, CaseConverterViewModel.swift, RegexTesterView.swift (in target 'utiltoolApp' from project 'utiltoolApp')

SwiftCompile normal arm64 Compiling\ MockAPIViewModel.swift,\ MockServerWorkspaceView.swift,\ SimpleYAMLParser.swift,\ URLEncodeView.swift,\ URLEncodeViewModel.swift,\ URLParserView.swift /Users/spxt666/Documents/Record/utiltoolApp/utiltoolApp/utiltoolApp/Features/Network/MockAPIViewModel.swift /Users/spxt666/Documents/Record/utiltoolApp/utiltoolApp/utiltoolApp/Features/Network/MockServerWorkspaceView.swift /Users/spxt666/Documents/Record/utiltoolApp/utiltoolApp/utiltoolApp/Features/Network/SimpleYAMLParser.swift /Users/spxt666/Documents/Record/utiltoolApp/utiltoolApp/utiltoolApp/Features/Network/URLEncodeView.swift /Users/spxt666/Documents/Record/utiltoolApp/utiltoolApp/utiltoolApp/Features/Network/URLEncodeViewModel.swift /Users/spxt666/Documents/Record/utiltoolApp/utiltoolApp/utiltoolApp/Features/Network/URLParserView.swift (in target 'utiltoolApp' from project 'utiltoolApp')
SwiftCompile normal arm64 /Users/spxt666/Documents/Record/utiltoolApp/utiltoolApp/utiltoolApp/Features/Network/MockAPIViewModel.swift (in target 'utiltoolApp' from project 'utiltoolApp')
    cd /Users/spxt666/Documents/Record/utiltoolApp/utiltoolApp
    

SwiftCompile normal arm64 /Users/spxt666/Documents/Record/utiltoolApp/utiltoolApp/utiltoolApp/Features/Network/MockServerWorkspaceView.swift (in target 'utiltoolApp' from project 'utiltoolApp')
    cd /Users/spxt666/Documents/Record/utiltoolApp/utiltoolApp
    

SwiftCompile normal arm64 /Users/spxt666/Documents/Record/utiltoolApp/utiltoolApp/utiltoolApp/Features/Network/SimpleYAMLParser.swift (in target 'utiltoolApp' from project 'utiltoolApp')
    cd /Users/spxt666/Documents/Record/utiltoolApp/utiltoolApp
    

SwiftCompile normal arm64 /Users/spxt666/Documents/Record/utiltoolApp/utiltoolApp/utiltoolApp/Features/Network/URLEncodeView.swift (in target 'utiltoolApp' from project 'utiltoolApp')
    cd /Users/spxt666/Documents/Record/utiltoolApp/utiltoolApp
    

SwiftCompile normal arm64 /Users/spxt666/Documents/Record/utiltoolApp/utiltoolApp/utiltoolApp/Features/Network/URLEncodeViewModel.swift (in target 'utiltoolApp' from project 'utiltoolApp')
    cd /Users/spxt666/Documents/Record/utiltoolApp/utiltoolApp
    

SwiftCompile normal arm64 /Users/spxt666/Documents/Record/utiltoolApp/utiltoolApp/utiltoolApp/Features/Network/URLParserView.swift (in target 'utiltoolApp' from project 'utiltoolApp')
    cd /Users/spxt666/Documents/Record/utiltoolApp/utiltoolApp
    

ProcessInfoPlistFile /Users/spxt666/Library/Developer/Xcode/DerivedData/utiltoolApp-cuykvtpzqsvezadloswvyzqxbeid/Build/Products/Debug/utiltoolApp.app/Contents/Info.plist /Users/spxt666/Library/Developer/Xcode/DerivedData/utiltoolApp-cuykvtpzqsvezadloswvyzqxbeid/Build/Intermediates.noindex/utiltoolApp.build/Debug/utiltoolApp.build/empty-utiltoolApp.plist (in target 'utiltoolApp' from project 'utiltoolApp')
    cd /Users/spxt666/Documents/Record/utiltoolApp/utiltoolApp
    builtin-infoPlistUtility /Users/spxt666/Library/Developer/Xcode/DerivedData/utiltoolApp-cuykvtpzqsvezadloswvyzqxbeid/Build/Intermediates.noindex/utiltoolApp.build/Debug/utiltoolApp.build/empty-utiltoolApp.plist -producttype com.apple.product-type.application -genpkginfo /Users/spxt666/Library/Developer/Xcode/DerivedData/utiltoolApp-cuykvtpzqsvezadloswvyzqxbeid/Build/Products/Debug/utiltoolApp.app/Contents/PkgInfo -expandbuildsettings -platform macosx -additionalcontentfile /Users/spxt666/Library/Developer/Xcode/DerivedData/utiltoolApp-cuykvtpzqsvezadloswvyzqxbeid/Build/Intermediates.noindex/utiltoolApp.build/Debug/utiltoolApp.build/assetcatalog_generated_info.plist -o /Users/spxt666/Library/Developer/Xcode/DerivedData/utiltoolApp-cuykvtpzqsvezadloswvyzqxbeid/Build/Products/Debug/utiltoolApp.app/Contents/Info.plist

SwiftDriverJobDiscovery normal arm64 Compiling JSONConverterViewModel.swift, JSONFormatterView.swift, JSONFormatterViewModel.swift, JSONToCodeView.swift, JSONToCodeViewModel.swift, XMLFormatterView.swift, XMLFormatterViewModel.swift (in target 'utiltoolApp' from project 'utiltoolApp')

SwiftDriverJobDiscovery normal arm64 Compiling IOTextPanel.swift, MenuBarView.swift, SimpleHTTPServer.swift, Base32.swift, BenchmarkUtils.swift, NavigationState.swift, ToolItem.swift (in target 'utiltoolApp' from project 'utiltoolApp')

SwiftDriverJobDiscovery normal arm64 Compiling Base64ViewModel.swift, BaseToolView.swift, HashView.swift, HashViewModel.swift, JWTDecoderView.swift, JWTDecoderViewModel.swift, JSONConverterView.swift (in target 'utiltoolApp' from project 'utiltoolApp')

SwiftDriverJobDiscovery normal arm64 Compiling BaseConvertView.swift, BaseConvertViewModel.swift, TimestampView.swift, TimestampViewModel.swift, Base64ImageView.swift, Base64ImageViewModel.swift, Base64View.swift (in target 'utiltoolApp' from project 'utiltoolApp')

SwiftDriverJobDiscovery normal arm64 Compiling UUIDView.swift, UUIDViewModel.swift, BluetoothLaunchView.swift, BluetoothViewModel.swift, BluetoothWorkspaceView.swift, CronView.swift (in target 'utiltoolApp' from project 'utiltoolApp')

SwiftDriverJobDiscovery normal arm64 Emitting module for utiltoolApp (in target 'utiltoolApp' from project 'utiltoolApp')

SwiftDriver\ Compilation\ Requirements utiltoolApp normal arm64 com.apple.xcode.tools.swift.compiler (in target 'utiltoolApp' from project 'utiltoolApp')
    cd /Users/spxt666/Documents/Record/utiltoolApp/utiltoolApp
    builtin-Swift-Compilation-Requirements -- /Applications/Xcode2.app/Contents/Developer/Toolchains/XcodeDefault.xctoolchain/usr/bin/swiftc -module-name utiltoolApp -Onone @/Users/spxt666/Library/Developer/Xcode/DerivedData/utiltoolApp-cuykvtpzqsvezadloswvyzqxbeid/Build/Intermediates.noindex/utiltoolApp.build/Debug/utiltoolApp.build/Objects-normal/arm64/utiltoolApp.SwiftFileList -DDEBUG -default-isolation\=MainActor -enable-bare-slash-regex -enable-upcoming-feature DisableOutwardActorInference -enable-upcoming-feature InferSendableFromCaptures -enable-upcoming-feature GlobalActorIsolatedTypesUsability -enable-upcoming-feature MemberImportVisibility -enable-upcoming-feature InferIsolatedConformances -enable-upcoming-feature NonisolatedNonsendingByDefault -enable-experimental-feature DebugDescriptionMacro -sdk /Applications/Xcode2.app/Contents/Developer/Platforms/MacOSX.platform/Developer/SDKs/MacOSX26.4.sdk -target arm64-apple-macos15.6 -g -module-cache-path /Users/spxt666/Library/Developer/Xcode/DerivedData/ModuleCache.noindex -Xfrontend -serialize-debugging-options -enable-testing -index-store-path /Users/spxt666/Library/Developer/Xcode/DerivedData/utiltoolApp-cuykvtpzqsvezadloswvyzqxbeid/Index.noindex/DataStore -Xcc -D_LIBCPP_HARDENING_MODE\=_LIBCPP_HARDENING_MODE_DEBUG -swift-version 5 -I /Users/spxt666/Library/Developer/Xcode/DerivedData/utiltoolApp-cuykvtpzqsvezadloswvyzqxbeid/Build/Products/Debug -F /Users/spxt666/Library/Developer/Xcode/DerivedData/utiltoolApp-cuykvtpzqsvezadloswvyzqxbeid/Build/Products/Debug -emit-localized-strings -emit-localized-strings-path /Users/spxt666/Library/Developer/Xcode/DerivedData/utiltoolApp-cuykvtpzqsvezadloswvyzqxbeid/Build/Intermediates.noindex/utiltoolApp.build/Debug/utiltoolApp.build/Objects-normal/arm64 -c -j10 -enable-batch-mode -incremental -Xcc -ivfsstatcache -Xcc /Users/spxt666/Library/Developer/Xcode/DerivedData/SDKStatCaches.noindex/macosx26.4-25E246-ee6f3574c7e764b0319f773c845ec4ff.sdkstatcache -output-file-map /Users/spxt666/Library/Developer/Xcode/DerivedData/utiltoolApp-cuykvtpzqsvezadloswvyzqxbeid/Build/Intermediates.noindex/utiltoolApp.build/Debug/utiltoolApp.build/Objects-normal/arm64/utiltoolApp-OutputFileMap.json -use-frontend-parseable-output -save-temps -no-color-diagnostics -explicit-module-build -module-cache-path /Users/spxt666/Library/Developer/Xcode/DerivedData/utiltoolApp-cuykvtpzqsvezadloswvyzqxbeid/Build/Intermediates.noindex/SwiftExplicitPrecompiledModules -clang-scanner-module-cache-path /Users/spxt666/Library/Developer/Xcode/DerivedData/ModuleCache.noindex -sdk-module-cache-path /Users/spxt666/Library/Developer/Xcode/DerivedData/ModuleCache.noindex -serialize-diagnostics -emit-dependencies -emit-module -emit-module-path /Users/spxt666/Library/Developer/Xcode/DerivedData/utiltoolApp-cuykvtpzqsvezadloswvyzqxbeid/Build/Intermediates.noindex/utiltoolApp.build/Debug/utiltoolApp.build/Objects-normal/arm64/utiltoolApp.swiftmodule -validate-clang-modules-once -clang-build-session-file /Users/spxt666/Library/Developer/Xcode/DerivedData/ModuleCache.noindex/Session.modulevalidation -Xcc -I/Users/spxt666/Library/Developer/Xcode/DerivedData/utiltoolApp-cuykvtpzqsvezadloswvyzqxbeid/Build/Intermediates.noindex/utiltoolApp.build/Debug/utiltoolApp.build/swift-overrides.hmap -emit-const-values -Xfrontend -const-gather-protocols-file -Xfrontend /Users/spxt666/Library/Developer/Xcode/DerivedData/utiltoolApp-cuykvtpzqsvezadloswvyzqxbeid/Build/Intermediates.noindex/utiltoolApp.build/Debug/utiltoolApp.build/Objects-normal/arm64/utiltoolApp_const_extract_protocols.json -Xcc -iquote -Xcc /Users/spxt666/Library/Developer/Xcode/DerivedData/utiltoolApp-cuykvtpzqsvezadloswvyzqxbeid/Build/Intermediates.noindex/utiltoolApp.build/Debug/utiltoolApp.build/utiltoolApp-generated-files.hmap -Xcc -I/Users/spxt666/Library/Developer/Xcode/DerivedData/utiltoolApp-cuykvtpzqsvezadloswvyzqxbeid/Build/Intermediates.noindex/utiltoolApp.build/Debug/utiltoolApp.build/utiltoolApp-own-target-headers.hmap -Xcc -I/Users/spxt666/Library/Developer/Xcode/DerivedData/utiltoolApp-cuykvtpzqsvezadloswvyzqxbeid/Build/Intermediates.noindex/utiltoolApp.build/Debug/utiltoolApp.build/utiltoolApp-all-target-headers.hmap -Xcc -iquote -Xcc /Users/spxt666/Library/Developer/Xcode/DerivedData/utiltoolApp-cuykvtpzqsvezadloswvyzqxbeid/Build/Intermediates.noindex/utiltoolApp.build/Debug/utiltoolApp.build/utiltoolApp-project-headers.hmap -Xcc -I/Users/spxt666/Library/Developer/Xcode/DerivedData/utiltoolApp-cuykvtpzqsvezadloswvyzqxbeid/Build/Products/Debug/include -Xcc -I/Users/spxt666/Library/Developer/Xcode/DerivedData/utiltoolApp-cuykvtpzqsvezadloswvyzqxbeid/Build/Intermediates.noindex/utiltoolApp.build/Debug/utiltoolApp.build/DerivedSources-normal/arm64 -Xcc -I/Users/spxt666/Library/Developer/Xcode/DerivedData/utiltoolApp-cuykvtpzqsvezadloswvyzqxbeid/Build/Intermediates.noindex/utiltoolApp.build/Debug/utiltoolApp.build/DerivedSources/arm64 -Xcc -I/Users/spxt666/Library/Developer/Xcode/DerivedData/utiltoolApp-cuykvtpzqsvezadloswvyzqxbeid/Build/Intermediates.noindex/utiltoolApp.build/Debug/utiltoolApp.build/DerivedSources -Xcc -DDEBUG\=1 -emit-objc-header -emit-objc-header-path /Users/spxt666/Library/Developer/Xcode/DerivedData/utiltoolApp-cuykvtpzqsvezadloswvyzqxbeid/Build/Intermediates.noindex/utiltoolApp.build/Debug/utiltoolApp.build/Objects-normal/arm64/utiltoolApp-Swift.h -working-directory /Users/spxt666/Documents/Record/utiltoolApp/utiltoolApp -experimental-emit-module-separately -disable-cmo

SwiftMergeGeneratedHeaders /Users/spxt666/Library/Developer/Xcode/DerivedData/utiltoolApp-cuykvtpzqsvezadloswvyzqxbeid/Build/Intermediates.noindex/utiltoolApp.build/Debug/utiltoolApp.build/DerivedSources/utiltoolApp-Swift.h /Users/spxt666/Library/Developer/Xcode/DerivedData/utiltoolApp-cuykvtpzqsvezadloswvyzqxbeid/Build/Intermediates.noindex/utiltoolApp.build/Debug/utiltoolApp.build/Objects-normal/arm64/utiltoolApp-Swift.h (in target 'utiltoolApp' from project 'utiltoolApp')
    cd /Users/spxt666/Documents/Record/utiltoolApp/utiltoolApp
    builtin-swiftHeaderTool -arch arm64 /Users/spxt666/Library/Developer/Xcode/DerivedData/utiltoolApp-cuykvtpzqsvezadloswvyzqxbeid/Build/Intermediates.noindex/utiltoolApp.build/Debug/utiltoolApp.build/Objects-normal/arm64/utiltoolApp-Swift.h -o /Users/spxt666/Library/Developer/Xcode/DerivedData/utiltoolApp-cuykvtpzqsvezadloswvyzqxbeid/Build/Intermediates.noindex/utiltoolApp.build/Debug/utiltoolApp.build/DerivedSources/utiltoolApp-Swift.h

Copy /Users/spxt666/Library/Developer/Xcode/DerivedData/utiltoolApp-cuykvtpzqsvezadloswvyzqxbeid/Build/Products/Debug/utiltoolApp.swiftmodule/arm64-apple-macos.swiftmodule /Users/spxt666/Library/Developer/Xcode/DerivedData/utiltoolApp-cuykvtpzqsvezadloswvyzqxbeid/Build/Intermediates.noindex/utiltoolApp.build/Debug/utiltoolApp.build/Objects-normal/arm64/utiltoolApp.swiftmodule (in target 'utiltoolApp' from project 'utiltoolApp')
    cd /Users/spxt666/Documents/Record/utiltoolApp/utiltoolApp
    builtin-copy -exclude .DS_Store -exclude CVS -exclude .svn -exclude .git -exclude .hg -resolve-src-symlinks -rename /Users/spxt666/Library/Developer/Xcode/DerivedData/utiltoolApp-cuykvtpzqsvezadloswvyzqxbeid/Build/Intermediates.noindex/utiltoolApp.build/Debug/utiltoolApp.build/Objects-normal/arm64/utiltoolApp.swiftmodule /Users/spxt666/Library/Developer/Xcode/DerivedData/utiltoolApp-cuykvtpzqsvezadloswvyzqxbeid/Build/Products/Debug/utiltoolApp.swiftmodule/arm64-apple-macos.swiftmodule

Copy /Users/spxt666/Library/Developer/Xcode/DerivedData/utiltoolApp-cuykvtpzqsvezadloswvyzqxbeid/Build/Products/Debug/utiltoolApp.swiftmodule/arm64-apple-macos.abi.json /Users/spxt666/Library/Developer/Xcode/DerivedData/utiltoolApp-cuykvtpzqsvezadloswvyzqxbeid/Build/Intermediates.noindex/utiltoolApp.build/Debug/utiltoolApp.build/Objects-normal/arm64/utiltoolApp.abi.json (in target 'utiltoolApp' from project 'utiltoolApp')
    cd /Users/spxt666/Documents/Record/utiltoolApp/utiltoolApp
    builtin-copy -exclude .DS_Store -exclude CVS -exclude .svn -exclude .git -exclude .hg -resolve-src-symlinks -rename /Users/spxt666/Library/Developer/Xcode/DerivedData/utiltoolApp-cuykvtpzqsvezadloswvyzqxbeid/Build/Intermediates.noindex/utiltoolApp.build/Debug/utiltoolApp.build/Objects-normal/arm64/utiltoolApp.abi.json /Users/spxt666/Library/Developer/Xcode/DerivedData/utiltoolApp-cuykvtpzqsvezadloswvyzqxbeid/Build/Products/Debug/utiltoolApp.swiftmodule/arm64-apple-macos.abi.json

Copy /Users/spxt666/Library/Developer/Xcode/DerivedData/utiltoolApp-cuykvtpzqsvezadloswvyzqxbeid/Build/Products/Debug/utiltoolApp.swiftmodule/arm64-apple-macos.swiftdoc /Users/spxt666/Library/Developer/Xcode/DerivedData/utiltoolApp-cuykvtpzqsvezadloswvyzqxbeid/Build/Intermediates.noindex/utiltoolApp.build/Debug/utiltoolApp.build/Objects-normal/arm64/utiltoolApp.swiftdoc (in target 'utiltoolApp' from project 'utiltoolApp')
    cd /Users/spxt666/Documents/Record/utiltoolApp/utiltoolApp
    builtin-copy -exclude .DS_Store -exclude CVS -exclude .svn -exclude .git -exclude .hg -resolve-src-symlinks -rename /Users/spxt666/Library/Developer/Xcode/DerivedData/utiltoolApp-cuykvtpzqsvezadloswvyzqxbeid/Build/Intermediates.noindex/utiltoolApp.build/Debug/utiltoolApp.build/Objects-normal/arm64/utiltoolApp.swiftdoc /Users/spxt666/Library/Developer/Xcode/DerivedData/utiltoolApp-cuykvtpzqsvezadloswvyzqxbeid/Build/Products/Debug/utiltoolApp.swiftmodule/arm64-apple-macos.swiftdoc

Copy /Users/spxt666/Library/Developer/Xcode/DerivedData/utiltoolApp-cuykvtpzqsvezadloswvyzqxbeid/Build/Products/Debug/utiltoolApp.swiftmodule/Project/arm64-apple-macos.swiftsourceinfo /Users/spxt666/Library/Developer/Xcode/DerivedData/utiltoolApp-cuykvtpzqsvezadloswvyzqxbeid/Build/Intermediates.noindex/utiltoolApp.build/Debug/utiltoolApp.build/Objects-normal/arm64/utiltoolApp.swiftsourceinfo (in target 'utiltoolApp' from project 'utiltoolApp')
    cd /Users/spxt666/Documents/Record/utiltoolApp/utiltoolApp
    builtin-copy -exclude .DS_Store -exclude CVS -exclude .svn -exclude .git -exclude .hg -resolve-src-symlinks -rename /Users/spxt666/Library/Developer/Xcode/DerivedData/utiltoolApp-cuykvtpzqsvezadloswvyzqxbeid/Build/Intermediates.noindex/utiltoolApp.build/Debug/utiltoolApp.build/Objects-normal/arm64/utiltoolApp.swiftsourceinfo /Users/spxt666/Library/Developer/Xcode/DerivedData/utiltoolApp-cuykvtpzqsvezadloswvyzqxbeid/Build/Products/Debug/utiltoolApp.swiftmodule/Project/arm64-apple-macos.swiftsourceinfo

SwiftDriverJobDiscovery normal arm64 Compiling ColorConvertView.swift, ColorConvertViewModel.swift, PasswordView.swift, PasswordViewModel.swift, QRCodeView.swift, QRCodeViewModel.swift (in target 'utiltoolApp' from project 'utiltoolApp')

SwiftDriverJobDiscovery normal arm64 Compiling CronViewModel.swift, MDNSLaunchView.swift, MDNSViewModel.swift, MDNSWorkspaceView.swift, MockAPILogView.swift, MockAPIView.swift (in target 'utiltoolApp' from project 'utiltoolApp')

SwiftDriverJobDiscovery normal arm64 Compiling RegexTesterViewModel.swift, TextDiffView.swift, TextDiffViewModel.swift, ContentView.swift, utiltoolAppApp.swift, GeneratedAssetSymbols.swift (in target 'utiltoolApp' from project 'utiltoolApp')

SwiftDriverJobDiscovery normal arm64 Compiling MockAPIViewModel.swift, MockServerWorkspaceView.swift, SimpleYAMLParser.swift, URLEncodeView.swift, URLEncodeViewModel.swift, URLParserView.swift (in target 'utiltoolApp' from project 'utiltoolApp')

SwiftDriver\ Compilation utiltoolApp normal arm64 com.apple.xcode.tools.swift.compiler (in target 'utiltoolApp' from project 'utiltoolApp')
    cd /Users/spxt666/Documents/Record/utiltoolApp/utiltoolApp
    builtin-Swift-Compilation -- /Applications/Xcode2.app/Contents/Developer/Toolchains/XcodeDefault.xctoolchain/usr/bin/swiftc -module-name utiltoolApp -Onone @/Users/spxt666/Library/Developer/Xcode/DerivedData/utiltoolApp-cuykvtpzqsvezadloswvyzqxbeid/Build/Intermediates.noindex/utiltoolApp.build/Debug/utiltoolApp.build/Objects-normal/arm64/utiltoolApp.SwiftFileList -DDEBUG -default-isolation\=MainActor -enable-bare-slash-regex -enable-upcoming-feature DisableOutwardActorInference -enable-upcoming-feature InferSendableFromCaptures -enable-upcoming-feature GlobalActorIsolatedTypesUsability -enable-upcoming-feature MemberImportVisibility -enable-upcoming-feature InferIsolatedConformances -enable-upcoming-feature NonisolatedNonsendingByDefault -enable-experimental-feature DebugDescriptionMacro -sdk /Applications/Xcode2.app/Contents/Developer/Platforms/MacOSX.platform/Developer/SDKs/MacOSX26.4.sdk -target arm64-apple-macos15.6 -g -module-cache-path /Users/spxt666/Library/Developer/Xcode/DerivedData/ModuleCache.noindex -Xfrontend -serialize-debugging-options -enable-testing -index-store-path /Users/spxt666/Library/Developer/Xcode/DerivedData/utiltoolApp-cuykvtpzqsvezadloswvyzqxbeid/Index.noindex/DataStore -Xcc -D_LIBCPP_HARDENING_MODE\=_LIBCPP_HARDENING_MODE_DEBUG -swift-version 5 -I /Users/spxt666/Library/Developer/Xcode/DerivedData/utiltoolApp-cuykvtpzqsvezadloswvyzqxbeid/Build/Products/Debug -F /Users/spxt666/Library/Developer/Xcode/DerivedData/utiltoolApp-cuykvtpzqsvezadloswvyzqxbeid/Build/Products/Debug -emit-localized-strings -emit-localized-strings-path /Users/spxt666/Library/Developer/Xcode/DerivedData/utiltoolApp-cuykvtpzqsvezadloswvyzqxbeid/Build/Intermediates.noindex/utiltoolApp.build/Debug/utiltoolApp.build/Objects-normal/arm64 -c -j10 -enable-batch-mode -incremental -Xcc -ivfsstatcache -Xcc /Users/spxt666/Library/Developer/Xcode/DerivedData/SDKStatCaches.noindex/macosx26.4-25E246-ee6f3574c7e764b0319f773c845ec4ff.sdkstatcache -output-file-map /Users/spxt666/Library/Developer/Xcode/DerivedData/utiltoolApp-cuykvtpzqsvezadloswvyzqxbeid/Build/Intermediates.noindex/utiltoolApp.build/Debug/utiltoolApp.build/Objects-normal/arm64/utiltoolApp-OutputFileMap.json -use-frontend-parseable-output -save-temps -no-color-diagnostics -explicit-module-build -module-cache-path /Users/spxt666/Library/Developer/Xcode/DerivedData/utiltoolApp-cuykvtpzqsvezadloswvyzqxbeid/Build/Intermediates.noindex/SwiftExplicitPrecompiledModules -clang-scanner-module-cache-path /Users/spxt666/Library/Developer/Xcode/DerivedData/ModuleCache.noindex -sdk-module-cache-path /Users/spxt666/Library/Developer/Xcode/DerivedData/ModuleCache.noindex -serialize-diagnostics -emit-dependencies -emit-module -emit-module-path /Users/spxt666/Library/Developer/Xcode/DerivedData/utiltoolApp-cuykvtpzqsvezadloswvyzqxbeid/Build/Intermediates.noindex/utiltoolApp.build/Debug/utiltoolApp.build/Objects-normal/arm64/utiltoolApp.swiftmodule -validate-clang-modules-once -clang-build-session-file /Users/spxt666/Library/Developer/Xcode/DerivedData/ModuleCache.noindex/Session.modulevalidation -Xcc -I/Users/spxt666/Library/Developer/Xcode/DerivedData/utiltoolApp-cuykvtpzqsvezadloswvyzqxbeid/Build/Intermediates.noindex/utiltoolApp.build/Debug/utiltoolApp.build/swift-overrides.hmap -emit-const-values -Xfrontend -const-gather-protocols-file -Xfrontend /Users/spxt666/Library/Developer/Xcode/DerivedData/utiltoolApp-cuykvtpzqsvezadloswvyzqxbeid/Build/Intermediates.noindex/utiltoolApp.build/Debug/utiltoolApp.build/Objects-normal/arm64/utiltoolApp_const_extract_protocols.json -Xcc -iquote -Xcc /Users/spxt666/Library/Developer/Xcode/DerivedData/utiltoolApp-cuykvtpzqsvezadloswvyzqxbeid/Build/Intermediates.noindex/utiltoolApp.build/Debug/utiltoolApp.build/utiltoolApp-generated-files.hmap -Xcc -I/Users/spxt666/Library/Developer/Xcode/DerivedData/utiltoolApp-cuykvtpzqsvezadloswvyzqxbeid/Build/Intermediates.noindex/utiltoolApp.build/Debug/utiltoolApp.build/utiltoolApp-own-target-headers.hmap -Xcc -I/Users/spxt666/Library/Developer/Xcode/DerivedData/utiltoolApp-cuykvtpzqsvezadloswvyzqxbeid/Build/Intermediates.noindex/utiltoolApp.build/Debug/utiltoolApp.build/utiltoolApp-all-target-headers.hmap -Xcc -iquote -Xcc /Users/spxt666/Library/Developer/Xcode/DerivedData/utiltoolApp-cuykvtpzqsvezadloswvyzqxbeid/Build/Intermediates.noindex/utiltoolApp.build/Debug/utiltoolApp.build/utiltoolApp-project-headers.hmap -Xcc -I/Users/spxt666/Library/Developer/Xcode/DerivedData/utiltoolApp-cuykvtpzqsvezadloswvyzqxbeid/Build/Products/Debug/include -Xcc -I/Users/spxt666/Library/Developer/Xcode/DerivedData/utiltoolApp-cuykvtpzqsvezadloswvyzqxbeid/Build/Intermediates.noindex/utiltoolApp.build/Debug/utiltoolApp.build/DerivedSources-normal/arm64 -Xcc -I/Users/spxt666/Library/Developer/Xcode/DerivedData/utiltoolApp-cuykvtpzqsvezadloswvyzqxbeid/Build/Intermediates.noindex/utiltoolApp.build/Debug/utiltoolApp.build/DerivedSources/arm64 -Xcc -I/Users/spxt666/Library/Developer/Xcode/DerivedData/utiltoolApp-cuykvtpzqsvezadloswvyzqxbeid/Build/Intermediates.noindex/utiltoolApp.build/Debug/utiltoolApp.build/DerivedSources -Xcc -DDEBUG\=1 -emit-objc-header -emit-objc-header-path /Users/spxt666/Library/Developer/Xcode/DerivedData/utiltoolApp-cuykvtpzqsvezadloswvyzqxbeid/Build/Intermediates.noindex/utiltoolApp.build/Debug/utiltoolApp.build/Objects-normal/arm64/utiltoolApp-Swift.h -working-directory /Users/spxt666/Documents/Record/utiltoolApp/utiltoolApp -experimental-emit-module-separately -disable-cmo

Ld /Users/spxt666/Library/Developer/Xcode/DerivedData/utiltoolApp-cuykvtpzqsvezadloswvyzqxbeid/Build/Products/Debug/utiltoolApp.app/Contents/MacOS/utiltoolApp.debug.dylib normal (in target 'utiltoolApp' from project 'utiltoolApp')
    cd /Users/spxt666/Documents/Record/utiltoolApp/utiltoolApp
    /Applications/Xcode2.app/Contents/Developer/Toolchains/XcodeDefault.xctoolchain/usr/bin/clang -Xlinker -reproducible -target arm64-apple-macos15.6 -dynamiclib -isysroot /Applications/Xcode2.app/Contents/Developer/Platforms/MacOSX.platform/Developer/SDKs/MacOSX26.4.sdk -O0 -L/Users/spxt666/Library/Developer/Xcode/DerivedData/utiltoolApp-cuykvtpzqsvezadloswvyzqxbeid/Build/Intermediates.noindex/EagerLinkingTBDs/Debug -L/Users/spxt666/Library/Developer/Xcode/DerivedData/utiltoolApp-cuykvtpzqsvezadloswvyzqxbeid/Build/Products/Debug -F/Users/spxt666/Library/Developer/Xcode/DerivedData/utiltoolApp-cuykvtpzqsvezadloswvyzqxbeid/Build/Intermediates.noindex/EagerLinkingTBDs/Debug -F/Users/spxt666/Library/Developer/Xcode/DerivedData/utiltoolApp-cuykvtpzqsvezadloswvyzqxbeid/Build/Products/Debug -filelist /Users/spxt666/Library/Developer/Xcode/DerivedData/utiltoolApp-cuykvtpzqsvezadloswvyzqxbeid/Build/Intermediates.noindex/utiltoolApp.build/Debug/utiltoolApp.build/Objects-normal/arm64/utiltoolApp.LinkFileList -install_name @rpath/utiltoolApp.debug.dylib -Xlinker -rpath -Xlinker /usr/lib/swift -Xlinker -rpath -Xlinker @executable_path/Frameworks -Xlinker -object_path_lto -Xlinker /Users/spxt666/Library/Developer/Xcode/DerivedData/utiltoolApp-cuykvtpzqsvezadloswvyzqxbeid/Build/Intermediates.noindex/utiltoolApp.build/Debug/utiltoolApp.build/Objects-normal/arm64/utiltoolApp_lto.o -rdynamic -Xlinker -no_deduplicate -Xlinker -dependency_info -Xlinker /Users/spxt666/Library/Developer/Xcode/DerivedData/utiltoolApp-cuykvtpzqsvezadloswvyzqxbeid/Build/Intermediates.noindex/utiltoolApp.build/Debug/utiltoolApp.build/Objects-normal/arm64/utiltoolApp_dependency_info.dat -fobjc-link-runtime -L/Applications/Xcode2.app/Contents/Developer/Toolchains/XcodeDefault.xctoolchain/usr/lib/swift/macosx -L/usr/lib/swift -Xlinker -add_ast_path -Xlinker /Users/spxt666/Library/Developer/Xcode/DerivedData/utiltoolApp-cuykvtpzqsvezadloswvyzqxbeid/Build/Intermediates.noindex/utiltoolApp.build/Debug/utiltoolApp.build/Objects-normal/arm64/utiltoolApp.swiftmodule @/Users/spxt666/Library/Developer/Xcode/DerivedData/utiltoolApp-cuykvtpzqsvezadloswvyzqxbeid/Build/Intermediates.noindex/utiltoolApp.build/Debug/utiltoolApp.build/Objects-normal/arm64/utiltoolApp-linker-args.resp -Xlinker -alias -Xlinker _main -Xlinker ___debug_main_executable_dylib_entry_point -Xlinker -no_adhoc_codesign -o /Users/spxt666/Library/Developer/Xcode/DerivedData/utiltoolApp-cuykvtpzqsvezadloswvyzqxbeid/Build/Products/Debug/utiltoolApp.app/Contents/MacOS/utiltoolApp.debug.dylib

ConstructStubExecutorLinkFileList /Users/spxt666/Library/Developer/Xcode/DerivedData/utiltoolApp-cuykvtpzqsvezadloswvyzqxbeid/Build/Intermediates.noindex/utiltoolApp.build/Debug/utiltoolApp.build/utiltoolApp-ExecutorLinkFileList-normal-arm64.txt (in target 'utiltoolApp' from project 'utiltoolApp')
    cd /Users/spxt666/Documents/Record/utiltoolApp/utiltoolApp
    construct-stub-executor-link-file-list /Users/spxt666/Library/Developer/Xcode/DerivedData/utiltoolApp-cuykvtpzqsvezadloswvyzqxbeid/Build/Products/Debug/utiltoolApp.app/Contents/MacOS/utiltoolApp.debug.dylib /Applications/Xcode2.app/Contents/Developer/Platforms/MacOSX.platform/Developer/usr/lib/libPreviewsJITStubExecutor_no_swift_entry_point.a /Applications/Xcode2.app/Contents/Developer/Platforms/MacOSX.platform/Developer/usr/lib/libPreviewsJITStubExecutor.a --output /Users/spxt666/Library/Developer/Xcode/DerivedData/utiltoolApp-cuykvtpzqsvezadloswvyzqxbeid/Build/Intermediates.noindex/utiltoolApp.build/Debug/utiltoolApp.build/utiltoolApp-ExecutorLinkFileList-normal-arm64.txt
note: Using stub executor library with Swift entry point. (in target 'utiltoolApp' from project 'utiltoolApp')

Ld /Users/spxt666/Library/Developer/Xcode/DerivedData/utiltoolApp-cuykvtpzqsvezadloswvyzqxbeid/Build/Products/Debug/utiltoolApp.app/Contents/MacOS/utiltoolApp normal (in target 'utiltoolApp' from project 'utiltoolApp')
    cd /Users/spxt666/Documents/Record/utiltoolApp/utiltoolApp
    /Applications/Xcode2.app/Contents/Developer/Toolchains/XcodeDefault.xctoolchain/usr/bin/clang -Xlinker -reproducible -target arm64-apple-macos15.6 -isysroot /Applications/Xcode2.app/Contents/Developer/Platforms/MacOSX.platform/Developer/SDKs/MacOSX26.4.sdk -O0 -L/Users/spxt666/Library/Developer/Xcode/DerivedData/utiltoolApp-cuykvtpzqsvezadloswvyzqxbeid/Build/Products/Debug -F/Users/spxt666/Library/Developer/Xcode/DerivedData/utiltoolApp-cuykvtpzqsvezadloswvyzqxbeid/Build/Products/Debug -Xlinker -rpath -Xlinker @executable_path -Xlinker -rpath -Xlinker @executable_path/Frameworks -rdynamic -Xlinker -no_deduplicate -e ___debug_blank_executor_main -Xlinker -sectcreate -Xlinker __TEXT -Xlinker __debug_dylib -Xlinker /Users/spxt666/Library/Developer/Xcode/DerivedData/utiltoolApp-cuykvtpzqsvezadloswvyzqxbeid/Build/Intermediates.noindex/utiltoolApp.build/Debug/utiltoolApp.build/utiltoolApp-DebugDylibPath-normal-arm64.txt -Xlinker -sectcreate -Xlinker __TEXT -Xlinker __debug_instlnm -Xlinker /Users/spxt666/Library/Developer/Xcode/DerivedData/utiltoolApp-cuykvtpzqsvezadloswvyzqxbeid/Build/Intermediates.noindex/utiltoolApp.build/Debug/utiltoolApp.build/utiltoolApp-DebugDylibInstallName-normal-arm64.txt -Xlinker -filelist -Xlinker /Users/spxt666/Library/Developer/Xcode/DerivedData/utiltoolApp-cuykvtpzqsvezadloswvyzqxbeid/Build/Intermediates.noindex/utiltoolApp.build/Debug/utiltoolApp.build/utiltoolApp-ExecutorLinkFileList-normal-arm64.txt /Users/spxt666/Library/Developer/Xcode/DerivedData/utiltoolApp-cuykvtpzqsvezadloswvyzqxbeid/Build/Products/Debug/utiltoolApp.app/Contents/MacOS/utiltoolApp.debug.dylib -Xlinker -no_adhoc_codesign -o /Users/spxt666/Library/Developer/Xcode/DerivedData/utiltoolApp-cuykvtpzqsvezadloswvyzqxbeid/Build/Products/Debug/utiltoolApp.app/Contents/MacOS/utiltoolApp

CopySwiftLibs /Users/spxt666/Library/Developer/Xcode/DerivedData/utiltoolApp-cuykvtpzqsvezadloswvyzqxbeid/Build/Products/Debug/utiltoolApp.app (in target 'utiltoolApp' from project 'utiltoolApp')
    cd /Users/spxt666/Documents/Record/utiltoolApp/utiltoolApp
    builtin-swiftStdLibTool --copy --verbose --sign - --scan-executable /Users/spxt666/Library/Developer/Xcode/DerivedData/utiltoolApp-cuykvtpzqsvezadloswvyzqxbeid/Build/Products/Debug/utiltoolApp.app/Contents/MacOS/utiltoolApp.debug.dylib --scan-folder /Users/spxt666/Library/Developer/Xcode/DerivedData/utiltoolApp-cuykvtpzqsvezadloswvyzqxbeid/Build/Products/Debug/utiltoolApp.app/Contents/Frameworks --scan-folder /Users/spxt666/Library/Developer/Xcode/DerivedData/utiltoolApp-cuykvtpzqsvezadloswvyzqxbeid/Build/Products/Debug/utiltoolApp.app/Contents/PlugIns --scan-folder /Users/spxt666/Library/Developer/Xcode/DerivedData/utiltoolApp-cuykvtpzqsvezadloswvyzqxbeid/Build/Products/Debug/utiltoolApp.app/Contents/Library/SystemExtensions --scan-folder /Users/spxt666/Library/Developer/Xcode/DerivedData/utiltoolApp-cuykvtpzqsvezadloswvyzqxbeid/Build/Products/Debug/utiltoolApp.app/Contents/Extensions --platform macosx --toolchain /Applications/Xcode2.app/Contents/Developer/Toolchains/XcodeDefault.xctoolchain --destination /Users/spxt666/Library/Developer/Xcode/DerivedData/utiltoolApp-cuykvtpzqsvezadloswvyzqxbeid/Build/Products/Debug/utiltoolApp.app/Contents/Frameworks --strip-bitcode --strip-bitcode-tool /Applications/Xcode2.app/Contents/Developer/Toolchains/XcodeDefault.xctoolchain/usr/bin/bitcode_strip --emit-dependency-info /Users/spxt666/Library/Developer/Xcode/DerivedData/utiltoolApp-cuykvtpzqsvezadloswvyzqxbeid/Build/Intermediates.noindex/utiltoolApp.build/Debug/utiltoolApp.build/SwiftStdLibToolInputDependencies.dep --filter-for-swift-os --back-deploy-swift-span

ExtractAppIntentsMetadata (in target 'utiltoolApp' from project 'utiltoolApp')
    cd /Users/spxt666/Documents/Record/utiltoolApp/utiltoolApp
    /Applications/Xcode2.app/Contents/Developer/Toolchains/XcodeDefault.xctoolchain/usr/bin/appintentsmetadataprocessor --toolchain-dir /Applications/Xcode2.app/Contents/Developer/Toolchains/XcodeDefault.xctoolchain --module-name utiltoolApp --sdk-root /Applications/Xcode2.app/Contents/Developer/Platforms/MacOSX.platform/Developer/SDKs/MacOSX26.4.sdk --xcode-version 17E192 --platform-family macOS --deployment-target 15.6 --bundle-identifier com.apple.Demo.utiltoolApp --output /Users/spxt666/Library/Developer/Xcode/DerivedData/utiltoolApp-cuykvtpzqsvezadloswvyzqxbeid/Build/Products/Debug/utiltoolApp.app/Contents/Resources --target-triple arm64-apple-macos15.6 --binary-file /Users/spxt666/Library/Developer/Xcode/DerivedData/utiltoolApp-cuykvtpzqsvezadloswvyzqxbeid/Build/Products/Debug/utiltoolApp.app/Contents/MacOS/utiltoolApp --dependency-file /Users/spxt666/Library/Developer/Xcode/DerivedData/utiltoolApp-cuykvtpzqsvezadloswvyzqxbeid/Build/Intermediates.noindex/utiltoolApp.build/Debug/utiltoolApp.build/Objects-normal/arm64/utiltoolApp_dependency_info.dat --stringsdata-file /Users/spxt666/Library/Developer/Xcode/DerivedData/utiltoolApp-cuykvtpzqsvezadloswvyzqxbeid/Build/Intermediates.noindex/utiltoolApp.build/Debug/utiltoolApp.build/Objects-normal/arm64/ExtractedAppShortcutsMetadata.stringsdata --source-file-list /Users/spxt666/Library/Developer/Xcode/DerivedData/utiltoolApp-cuykvtpzqsvezadloswvyzqxbeid/Build/Intermediates.noindex/utiltoolApp.build/Debug/utiltoolApp.build/Objects-normal/arm64/utiltoolApp.SwiftFileList --metadata-file-list /Users/spxt666/Library/Developer/Xcode/DerivedData/utiltoolApp-cuykvtpzqsvezadloswvyzqxbeid/Build/Intermediates.noindex/utiltoolApp.build/Debug/utiltoolApp.build/utiltoolApp.DependencyMetadataFileList --static-metadata-file-list /Users/spxt666/Library/Developer/Xcode/DerivedData/utiltoolApp-cuykvtpzqsvezadloswvyzqxbeid/Build/Intermediates.noindex/utiltoolApp.build/Debug/utiltoolApp.build/utiltoolApp.DependencyStaticMetadataFileList --swift-const-vals-list /Users/spxt666/Library/Developer/Xcode/DerivedData/utiltoolApp-cuykvtpzqsvezadloswvyzqxbeid/Build/Intermediates.noindex/utiltoolApp.build/Debug/utiltoolApp.build/Objects-normal/arm64/utiltoolApp.SwiftConstValuesFileList --compile-time-extraction --deployment-aware-processing --validate-assistant-intents --no-app-shortcuts-localization
2026-04-27 11:54:35.840 appintentsmetadataprocessor[74897:403323] Starting appintentsmetadataprocessor export
2026-04-27 11:54:35.845 appintentsmetadataprocessor[74897:403323] warning: Metadata extraction skipped. No AppIntents.framework dependency found.

CodeSign /Users/spxt666/Library/Developer/Xcode/DerivedData/utiltoolApp-cuykvtpzqsvezadloswvyzqxbeid/Build/Products/Debug/utiltoolApp.app/Contents/MacOS/utiltoolApp.debug.dylib (in target 'utiltoolApp' from project 'utiltoolApp')
    cd /Users/spxt666/Documents/Record/utiltoolApp/utiltoolApp
    
    Signing Identity:     "Sign to Run Locally"
    
    /usr/bin/codesign --force --sign - --timestamp\=none --generate-entitlement-der /Users/spxt666/Library/Developer/Xcode/DerivedData/utiltoolApp-cuykvtpzqsvezadloswvyzqxbeid/Build/Products/Debug/utiltoolApp.app/Contents/MacOS/utiltoolApp.debug.dylib

CodeSign /Users/spxt666/Library/Developer/Xcode/DerivedData/utiltoolApp-cuykvtpzqsvezadloswvyzqxbeid/Build/Products/Debug/utiltoolApp.app/Contents/MacOS/__preview.dylib (in target 'utiltoolApp' from project 'utiltoolApp')
    cd /Users/spxt666/Documents/Record/utiltoolApp/utiltoolApp
    
    Signing Identity:     "Sign to Run Locally"
    
    /usr/bin/codesign --force --sign - --timestamp\=none --generate-entitlement-der /Users/spxt666/Library/Developer/Xcode/DerivedData/utiltoolApp-cuykvtpzqsvezadloswvyzqxbeid/Build/Products/Debug/utiltoolApp.app/Contents/MacOS/__preview.dylib

CodeSign /Users/spxt666/Library/Developer/Xcode/DerivedData/utiltoolApp-cuykvtpzqsvezadloswvyzqxbeid/Build/Products/Debug/utiltoolApp.app (in target 'utiltoolApp' from project 'utiltoolApp')
    cd /Users/spxt666/Documents/Record/utiltoolApp/utiltoolApp
    
    Signing Identity:     "Sign to Run Locally"
    
    /usr/bin/codesign --force --sign - --entitlements /Users/spxt666/Library/Developer/Xcode/DerivedData/utiltoolApp-cuykvtpzqsvezadloswvyzqxbeid/Build/Intermediates.noindex/utiltoolApp.build/Debug/utiltoolApp.build/utiltoolApp.app.xcent --timestamp\=none --generate-entitlement-der /Users/spxt666/Library/Developer/Xcode/DerivedData/utiltoolApp-cuykvtpzqsvezadloswvyzqxbeid/Build/Products/Debug/utiltoolApp.app

RegisterExecutionPolicyException /Users/spxt666/Library/Developer/Xcode/DerivedData/utiltoolApp-cuykvtpzqsvezadloswvyzqxbeid/Build/Products/Debug/utiltoolApp.app (in target 'utiltoolApp' from project 'utiltoolApp')
    cd /Users/spxt666/Documents/Record/utiltoolApp/utiltoolApp
    builtin-RegisterExecutionPolicyException /Users/spxt666/Library/Developer/Xcode/DerivedData/utiltoolApp-cuykvtpzqsvezadloswvyzqxbeid/Build/Products/Debug/utiltoolApp.app

Validate /Users/spxt666/Library/Developer/Xcode/DerivedData/utiltoolApp-cuykvtpzqsvezadloswvyzqxbeid/Build/Products/Debug/utiltoolApp.app (in target 'utiltoolApp' from project 'utiltoolApp')
    cd /Users/spxt666/Documents/Record/utiltoolApp/utiltoolApp
    builtin-validationUtility /Users/spxt666/Library/Developer/Xcode/DerivedData/utiltoolApp-cuykvtpzqsvezadloswvyzqxbeid/Build/Products/Debug/utiltoolApp.app -no-validate-extension -infoplist-subpath Contents/Info.plist

Touch /Users/spxt666/Library/Developer/Xcode/DerivedData/utiltoolApp-cuykvtpzqsvezadloswvyzqxbeid/Build/Products/Debug/utiltoolApp.app (in target 'utiltoolApp' from project 'utiltoolApp')
    cd /Users/spxt666/Documents/Record/utiltoolApp/utiltoolApp
    /usr/bin/touch -c /Users/spxt666/Library/Developer/Xcode/DerivedData/utiltoolApp-cuykvtpzqsvezadloswvyzqxbeid/Build/Products/Debug/utiltoolApp.app

RegisterWithLaunchServices /Users/spxt666/Library/Developer/Xcode/DerivedData/utiltoolApp-cuykvtpzqsvezadloswvyzqxbeid/Build/Products/Debug/utiltoolApp.app (in target 'utiltoolApp' from project 'utiltoolApp')
    cd /Users/spxt666/Documents/Record/utiltoolApp/utiltoolApp
    /System/Library/Frameworks/CoreServices.framework/Versions/Current/Frameworks/LaunchServices.framework/Versions/Current/Support/lsregister -f -R -trusted /Users/spxt666/Library/Developer/Xcode/DerivedData/utiltoolApp-cuykvtpzqsvezadloswvyzqxbeid/Build/Products/Debug/utiltoolApp.app

note: Disabling hardened runtime with ad-hoc codesigning. (in target 'utiltoolApp' from project 'utiltoolApp')
** BUILD SUCCEEDED **

